<html>
<body>
<pre>
<h1>µVision Build Log</h1>
<h2>Tool Versions:</h2>
IDE-Version: ¦ÌVision V5.14.0.0
Copyright (C) 2015 ARM Ltd and ARM Germany GmbH. All rights reserved.
License Information: d Deive, a, LIC=UJWEV-PTCYZ-BE2HH-W2PNA-I0FQQ-RVN06
 
Tool Versions:
Toolchain:       MDK-ARM Standard  Version: 5.14.0.0
Toolchain Path:  D:\keil\ARM\ARMCC\Bin
C Compiler:      Armcc.exe V5.05 update 1 (build 106)
Assembler:       Armasm.exe V5.05 update 1 (build 106)
Linker/Locator:  ArmLink.exe V5.05 update 1 (build 106)
Library Manager: ArmAr.exe V5.05 update 1 (build 106)
Hex Converter:   FromElf.exe V5.05 update 1 (build 106)
CPU DLL:         SARMCM3.DLL V5.14.0.0
Dialog DLL:      DCM.DLL V1.13.1.0
Target DLL:      CMSIS_AGDI.dll V1.21.0.0
Dialog DLL:      TCM.DLL V1.14.4.0
 
<h2>Project:</h2>
E:\CODE\STM32F429\lwip_NOOS\Project\lwip_noos.uvprojx
Project File Date:  03/11/2019

<h2>Output:</h2>
Build target 'lwip_noos'
compiling main.c...
..\USER\udp_server.h(7): warning:  #1-D: last line of file ends without a newline
  #endif/*_UDP_SERVER_H_*/
..\USER\lwipdemo.h(70): warning:  #47-D: incompatible redefinition of macro "MAC_ADDR0" (declared at line 178 of "..\USER\stm32f4xx_hal_conf.h")
  #define MAC_ADDR0                     2
..\USER\lwipdemo.h(71): warning:  #47-D: incompatible redefinition of macro "MAC_ADDR1" (declared at line 179 of "..\USER\stm32f4xx_hal_conf.h")
  #define MAC_ADDR1                     0
..\USER\lwipdemo.h(72): warning:  #47-D: incompatible redefinition of macro "MAC_ADDR2" (declared at line 180 of "..\USER\stm32f4xx_hal_conf.h")
  #define MAC_ADDR2                     0
..\USER\lwipdemo.h(73): warning:  #47-D: incompatible redefinition of macro "MAC_ADDR3" (declared at line 181 of "..\USER\stm32f4xx_hal_conf.h")
  #define MAC_ADDR3                     0
..\USER\lwipdemo.h(74): warning:  #47-D: incompatible redefinition of macro "MAC_ADDR4" (declared at line 182 of "..\USER\stm32f4xx_hal_conf.h")
  #define MAC_ADDR4                     0
..\USER\lwipdemo.h(75): warning:  #47-D: incompatible redefinition of macro "MAC_ADDR5" (declared at line 183 of "..\USER\stm32f4xx_hal_conf.h")
  #define MAC_ADDR5                     0
..\USER\main.c: 7 warnings, 0 errors
linking...
Program Size: Code=64944 RO-data=1324 RW-data=212 ZI-data=35044  
"..\Output\lwip_noos.axf" - 0 Error(s), 7 Warning(s).

<h2>Collection of Component include folders:</h2>
  E:\CODE\STM32F429\lwip_NOOS\Project\RTE
  D:\keil\ARM\PACK\Keil\STM32F4xx_DFP\2.5.0

<h2>Collection of Component Files used:</h2>
</pre>
</body>
</html>
