Component: ARM Compiler 5.05 update 1 (build 106) Tool: armlink [4d0efa]

==============================================================================

Section Cross References

    startup_stm32f429xx.o(RESET) refers to startup_stm32f429xx.o(STACK) for __initial_sp
    startup_stm32f429xx.o(RESET) refers to startup_stm32f429xx.o(.text) for Reset_Handler
    startup_stm32f429xx.o(RESET) refers to stm32f4xx_it.o(i.NMI_Handler) for NMI_Handler
    startup_stm32f429xx.o(RESET) refers to stm32f4xx_it.o(i.HardFault_Handler) for HardFault_Handler
    startup_stm32f429xx.o(RESET) refers to stm32f4xx_it.o(i.MemManage_Handler) for MemManage_Handler
    startup_stm32f429xx.o(RESET) refers to stm32f4xx_it.o(i.BusFault_Handler) for BusFault_Handler
    startup_stm32f429xx.o(RESET) refers to stm32f4xx_it.o(i.UsageFault_Handler) for UsageFault_Handler
    startup_stm32f429xx.o(RESET) refers to stm32f4xx_it.o(i.SVC_Handler) for SVC_Handler
    startup_stm32f429xx.o(RESET) refers to stm32f4xx_it.o(i.DebugMon_Handler) for DebugMon_Handler
    startup_stm32f429xx.o(RESET) refers to stm32f4xx_it.o(i.PendSV_Handler) for PendSV_Handler
    startup_stm32f429xx.o(RESET) refers to stm32f4xx_it.o(i.SysTick_Handler) for SysTick_Handler
    startup_stm32f429xx.o(.text) refers to system_stm32f4xx.o(i.SystemInit) for SystemInit
    startup_stm32f429xx.o(.text) refers to entry.o(.ARM.Collect$$$$00000000) for __main
    main.o(i.SystemClock_Config) refers to memseta.o(.text) for __aeabi_memclr4
    main.o(i.SystemClock_Config) refers to stm32f4xx_hal_rcc.o(i.HAL_RCC_OscConfig) for HAL_RCC_OscConfig
    main.o(i.SystemClock_Config) refers to main.o(i.Error_Handler) for Error_Handler
    main.o(i.SystemClock_Config) refers to stm32f4xx_hal_pwr_ex.o(i.HAL_PWREx_EnableOverDrive) for HAL_PWREx_EnableOverDrive
    main.o(i.SystemClock_Config) refers to stm32f4xx_hal_rcc.o(i.HAL_RCC_ClockConfig) for HAL_RCC_ClockConfig
    main.o(i.main) refers to stm32f4xx_hal.o(i.HAL_Init) for HAL_Init
    main.o(i.main) refers to main.o(i.SystemClock_Config) for SystemClock_Config
    main.o(i.main) refers to main.o(i.MX_GPIO_Init) for MX_GPIO_Init
    main.o(i.main) refers to bsp_uart.o(i.uart_init) for uart_init
    main.o(i.main) refers to printf5.o(i.__0printf$5) for __2printf
    main.o(i.main) refers to lwipdemo.o(i.lwip_init_task) for lwip_init_task
    main.o(i.main) refers to lwipdemo.o(i.lwip_Process) for lwip_Process
    main.o(i.main) refers to udp_server.o(i.udp_server_init) for udp_server_init
    main.o(i.main) refers to main.o(.constdata) for __func__
    main.o(i.main) refers to lwipdemo.o(.data) for DHCP_state
    stm32f4xx_it.o(i.SysTick_Handler) refers to stm32f4xx_hal.o(i.HAL_IncTick) for HAL_IncTick
    lwipdemo.o(i.lwip_Process) refers to ethernetif.o(i.ethernetif_input) for ethernetif_input
    lwipdemo.o(i.lwip_Process) refers to timeouts.o(i.sys_check_timeouts) for sys_check_timeouts
    lwipdemo.o(i.lwip_Process) refers to lwipdemo.o(i.lwip_dhcp_process_handle) for lwip_dhcp_process_handle
    lwipdemo.o(i.lwip_Process) refers to lwipdemo.o(.bss) for gnetif
    lwipdemo.o(i.lwip_Process) refers to lwipdemo.o(.data) for DHCP_state
    lwipdemo.o(i.lwip_dhcp_process_handle) refers to dhcp.o(i.dhcp_start) for dhcp_start
    lwipdemo.o(i.lwip_dhcp_process_handle) refers to printf5.o(i.__0printf$5) for __2printf
    lwipdemo.o(i.lwip_dhcp_process_handle) refers to dhcp.o(i.dhcp_supplied_address) for dhcp_supplied_address
    lwipdemo.o(i.lwip_dhcp_process_handle) refers to ip4_addr.o(i.ip4addr_ntoa) for ip4addr_ntoa
    lwipdemo.o(i.lwip_dhcp_process_handle) refers to dhcp.o(i.dhcp_stop) for dhcp_stop
    lwipdemo.o(i.lwip_dhcp_process_handle) refers to netif.o(i.netif_set_addr) for netif_set_addr
    lwipdemo.o(i.lwip_dhcp_process_handle) refers to lwipdemo.o(.data) for DHCP_state
    lwipdemo.o(i.lwip_dhcp_process_handle) refers to lwipdemo.o(.bss) for gnetif
    lwipdemo.o(i.lwip_init_task) refers to init.o(i.lwip_init) for lwip_init
    lwipdemo.o(i.lwip_init_task) refers to netif.o(i.netif_add) for netif_add
    lwipdemo.o(i.lwip_init_task) refers to netif.o(i.netif_set_default) for netif_set_default
    lwipdemo.o(i.lwip_init_task) refers to netif.o(i.netif_set_up) for netif_set_up
    lwipdemo.o(i.lwip_init_task) refers to netif.o(i.netif_set_down) for netif_set_down
    lwipdemo.o(i.lwip_init_task) refers to ethernet.o(i.ethernet_input) for ethernet_input
    lwipdemo.o(i.lwip_init_task) refers to ethernetif.o(i.ethernetif_init) for ethernetif_init
    lwipdemo.o(i.lwip_init_task) refers to lwipdemo.o(.bss) for gnetif
    lwipdemo.o(i.lwip_init_task) refers to lwipdemo.o(.data) for DHCP_state
    tcpclient.o(i.tcpclient_connected) refers to mem.o(i.mem_malloc) for mem_malloc
    tcpclient.o(i.tcpclient_connected) refers to printf5.o(i.__0sprintf$5) for __2sprintf
    tcpclient.o(i.tcpclient_connected) refers to strlen.o(.text) for strlen
    tcpclient.o(i.tcpclient_connected) refers to pbuf.o(i.pbuf_alloc) for pbuf_alloc
[...]
    tcp_listen_closed                        0x0800b351   Thumb Code    82  tcp.o(i.tcp_listen_closed)
    i.tcp_listen_input                       0x0800b41c   Section        0  tcp_in.o(i.tcp_listen_input)
    tcp_listen_input                         0x0800b41d   Thumb Code   354  tcp_in.o(i.tcp_listen_input)
    i.tcp_netif_ip_addr_changed              0x0800b614   Section        0  tcp.o(i.tcp_netif_ip_addr_changed)
    i.tcp_netif_ip_addr_changed_pcblist      0x0800b660   Section        0  tcp.o(i.tcp_netif_ip_addr_changed_pcblist)
    tcp_netif_ip_addr_changed_pcblist        0x0800b661   Thumb Code    72  tcp.o(i.tcp_netif_ip_addr_changed_pcblist)
    i.tcp_next_iss                           0x0800b72c   Section        0  tcp.o(i.tcp_next_iss)
    i.tcp_output                             0x0800b7d0   Section        0  tcp_out.o(i.tcp_output)
    i.tcp_output_alloc_header                0x0800bb3c   Section        0  tcp_out.o(i.tcp_output_alloc_header)
    tcp_output_alloc_header                  0x0800bb3d   Thumb Code    86  tcp_out.o(i.tcp_output_alloc_header)
    i.tcp_output_alloc_header_common         0x0800bc10   Section        0  tcp_out.o(i.tcp_output_alloc_header_common)
    tcp_output_alloc_header_common           0x0800bc11   Thumb Code   152  tcp_out.o(i.tcp_output_alloc_header_common)
    i.tcp_output_control_segment             0x0800bd2c   Section        0  tcp_out.o(i.tcp_output_control_segment)
    tcp_output_control_segment               0x0800bd2d   Thumb Code   114  tcp_out.o(i.tcp_output_control_segment)
    i.tcp_output_fill_options                0x0800be20   Section        0  tcp_out.o(i.tcp_output_fill_options)
    tcp_output_fill_options                  0x0800be21   Thumb Code   140  tcp_out.o(i.tcp_output_fill_options)
    i.tcp_output_segment                     0x0800bf3c   Section        0  tcp_out.o(i.tcp_output_segment)
    tcp_output_segment                       0x0800bf3d   Thumb Code   384  tcp_out.o(i.tcp_output_segment)
    i.tcp_output_segment_busy                0x0800c18c   Section        0  tcp_out.o(i.tcp_output_segment_busy)
    tcp_output_segment_busy                  0x0800c18d   Thumb Code    46  tcp_out.o(i.tcp_output_segment_busy)
    i.tcp_parseopt                           0x0800c238   Section        0  tcp_in.o(i.tcp_parseopt)
    tcp_parseopt                             0x0800c239   Thumb Code   200  tcp_in.o(i.tcp_parseopt)
    i.tcp_pcb_purge                          0x0800c378   Section        0  tcp.o(i.tcp_pcb_purge)
    i.tcp_pcb_remove                         0x0800c45c   Section        0  tcp.o(i.tcp_pcb_remove)
    i.tcp_process                            0x0800c5f8   Section        0  tcp_in.o(i.tcp_process)
    tcp_process                              0x0800c5f9   Thumb Code  1854  tcp_in.o(i.tcp_process)
    i.tcp_process_refused_data               0x0800cd60   Section        0  tcp.o(i.tcp_process_refused_data)
    i.tcp_receive                            0x0800ce98   Section        0  tcp_in.o(i.tcp_receive)
    tcp_receive                              0x0800ce99   Thumb Code  1872  tcp_in.o(i.tcp_receive)
    i.tcp_recv_null                          0x0800d684   Section        0  tcp.o(i.tcp_recv_null)
    i.tcp_recved                             0x0800d740   Section        0  tcp.o(i.tcp_recved)
    i.tcp_remove_listener                    0x0800d85c   Section        0  tcp.o(i.tcp_remove_listener)
    tcp_remove_listener                      0x0800d85d   Thumb Code    52  tcp.o(i.tcp_remove_listener)
    i.tcp_rexmit                             0x0800d908   Section        0  tcp_out.o(i.tcp_rexmit)
    i.tcp_rexmit_fast                        0x0800da08   Section        0  tcp_out.o(i.tcp_rexmit_fast)
    i.tcp_rexmit_rto                         0x0800db14   Section        0  tcp_out.o(i.tcp_rexmit_rto)
    i.tcp_rexmit_rto_commit                  0x0800dbb4   Section        0  tcp_out.o(i.tcp_rexmit_rto_commit)
    i.tcp_rexmit_rto_prepare                 0x0800dc64   Section        0  tcp_out.o(i.tcp_rexmit_rto_prepare)
    i.tcp_route                              0x0800dd84   Section        0  tcp_out.o(i.tcp_route)
    tcp_route                                0x0800dd85   Thumb Code    30  tcp_out.o(i.tcp_route)
    i.tcp_rst                                0x0800dda4   Section        0  tcp_out.o(i.tcp_rst)
    i.tcp_seg_free                           0x0800decc   Section        0  tcp.o(i.tcp_seg_free)
    i.tcp_segs_free                          0x0800dee6   Section        0  tcp.o(i.tcp_segs_free)
    i.tcp_send_empty_ack                     0x0800df00   Section        0  tcp_out.o(i.tcp_send_empty_ack)
    i.tcp_send_fin                           0x0800e040   Section        0  tcp_out.o(i.tcp_send_fin)
    i.tcp_slowtmr                            0x0800e118   Section        0  tcp.o(i.tcp_slowtmr)
    i.tcp_split_unsent_seg                   0x0800e850   Section        0  tcp_out.o(i.tcp_split_unsent_seg)
    i.tcp_timer_needed                       0x0800eb2c   Section        0  timeouts.o(i.tcp_timer_needed)
    i.tcp_timewait_input                     0x0800eb64   Section        0  tcp_in.o(i.tcp_timewait_input)
    tcp_timewait_input                       0x0800eb65   Thumb Code   170  tcp_in.o(i.tcp_timewait_input)
    i.tcp_tmr                                0x0800eca0   Section        0  tcp.o(i.tcp_tmr)
    i.tcp_trigger_input_pcb_close            0x0800ecc4   Section        0  tcp_in.o(i.tcp_trigger_input_pcb_close)
    i.tcp_update_rcv_ann_wnd                 0x0800ecd8   Section        0  tcp.o(i.tcp_update_rcv_ann_wnd)
    i.tcp_zero_window_probe                  0x0800ede8   Section        0  tcp_out.o(i.tcp_zero_window_probe)
    i.tcpip_tcp_timer                        0x0800ef68   Section        0  timeouts.o(i.tcpip_tcp_timer)
    tcpip_tcp_timer                          0x0800ef69   Thumb Code    40  timeouts.o(i.tcpip_tcp_timer)
    i.uart_init                              0x0800efa0   Section        0  bsp_uart.o(i.uart_init)
    i.udp_bind                               0x0800efd4   Section        0  udp.o(i.udp_bind)
    i.udp_connect                            0x0800f110   Section        0  udp.o(i.udp_connect)
    i.udp_disconnect                         0x0800f248   Section        0  udp.o(i.udp_disconnect)
    i.udp_init                               0x0800f2ec   Section        0  udp.o(i.udp_init)
    i.udp_input                              0x0800f2f0   Section        0  udp.o(i.udp_input)
    i.udp_input_local_match                  0x0800f568   Section        0  udp.o(i.udp_input_local_match)
    udp_input_local_match                    0x0800f569   Thumb Code   144  udp.o(i.udp_input_local_match)
    i.udp_netif_ip_addr_changed              0x0800f698   Section        0  udp.o(i.udp_netif_ip_addr_changed)
    i.udp_new                                0x0800f6c8   Section        0  udp.o(i.udp_new)
    i.udp_new_port                           0x0800f6e4   Section        0  udp.o(i.udp_new_port)
    udp_new_port                             0x0800f6e5   Thumb Code    80  udp.o(i.udp_new_port)
    i.udp_recv                               0x0800f73c   Section        0  udp.o(i.udp_recv)
    i.udp_remove                             0x0800f7d0   Section        0  udp.o(i.udp_remove)
    i.udp_sendto                             0x0800f898   Section        0  udp.o(i.udp_sendto)
    i.udp_sendto_if                          0x0800f9e0   Section        0  udp.o(i.udp_sendto_if)
    i.udp_sendto_if_src                      0x0800fb70   Section        0  udp.o(i.udp_sendto_if_src)
    i.udp_server_init                        0x0800fe3c   Section        0  udp_server.o(i.udp_server_init)
    i.udp_server_recv                        0x0800fea4   Section        0  udp_server.o(i.udp_server_recv)
    .constdata                               0x0800ff5c   Section        5  main.o(.constdata)
    __func__                                 0x0800ff5c   Data           5  main.o(.constdata)
    .constdata                               0x0800ff64   Section      180  memp.o(.constdata)
    .constdata                               0x08010018   Section       80  tcp.o(.constdata)
    tcp_state_str                            0x08010018   Data          44  tcp.o(.constdata)
    tcp_backoff                              0x08010044   Data          13  tcp.o(.constdata)
    tcp_persist_backoff                      0x08010051   Data           7  tcp.o(.constdata)
    .constdata                               0x08010068   Section       44  timeouts.o(.constdata)
    .constdata                               0x08010094   Section        8  ip4_addr.o(.constdata)
    .constdata                               0x0801009c   Section       12  ethernet.o(.constdata)
    .constdata                               0x080100a8   Section       24  system_stm32f4xx.o(.constdata)
    .conststring                             0x080100c0   Section       65  init.o(.conststring)
    .conststring                             0x08010104   Section      104  memp.o(.conststring)
    .conststring                             0x0801016c   Section      109  tcp.o(.conststring)
    .conststring                             0x080101dc   Section       85  tcp_out.o(.conststring)
    .conststring                             0x08010234   Section       66  dhcp.o(.conststring)
    .conststring                             0x08010278   Section       65  etharp.o(.conststring)
    .data                                    0x20000000   Section        1  lwipdemo.o(.data)
    .data                                    0x20000004   Section       12  mem.o(.data)
    ram                                      0x20000004   Data           4  mem.o(.data)
    ram_end                                  0x20000008   Data           4  mem.o(.data)
    lfree                                    0x2000000c   Data           4  mem.o(.data)
    .data                                    0x20000010   Section       36  memp.o(.data)
    memp_tab_UDP_PCB                         0x20000010   Data           4  memp.o(.data)
    memp_tab_TCP_PCB                         0x20000014   Data           4  memp.o(.data)
    memp_tab_TCP_PCB_LISTEN                  0x20000018   Data           4  memp.o(.data)
    memp_tab_TCP_SEG                         0x2000001c   Data           4  memp.o(.data)
    memp_tab_REASSDATA                       0x20000020   Data           4  memp.o(.data)
    memp_tab_FRAG_PBUF                       0x20000024   Data           4  memp.o(.data)
    memp_tab_SYS_TIMEOUT                     0x20000028   Data           4  memp.o(.data)
    memp_tab_PBUF                            0x2000002c   Data           4  memp.o(.data)
    memp_tab_PBUF_POOL                       0x20000030   Data           4  memp.o(.data)
    .data                                    0x20000034   Section        9  netif.o(.data)
    netif_num                                0x2000003c   Data           1  netif.o(.data)
    .data                                    0x20000040   Section       32  tcp.o(.data)
    tcp_port                                 0x20000040   Data           2  tcp.o(.data)
    tcp_timer                                0x20000059   Data           1  tcp.o(.data)
    tcp_timer_ctr                            0x2000005a   Data           1  tcp.o(.data)
    iss                                      0x2000005c   Data           4  tcp.o(.data)
    .data                                    0x20000060   Section       40  tcp_in.o(.data)
    tcphdr                                   0x20000060   Data           4  tcp_in.o(.data)
    tcphdr_optlen                            0x20000064   Data           2  tcp_in.o(.data)
    tcphdr_opt1len                           0x20000066   Data           2  tcp_in.o(.data)
    tcphdr_opt2                              0x20000068   Data           4  tcp_in.o(.data)
    tcp_optidx                               0x2000006c   Data           2  tcp_in.o(.data)
    seqno                                    0x20000070   Data           4  tcp_in.o(.data)
    ackno                                    0x20000074   Data           4  tcp_in.o(.data)
    recv_acked                               0x20000078   Data           2  tcp_in.o(.data)
    tcplen                                   0x2000007a   Data           2  tcp_in.o(.data)
    flags                                    0x2000007c   Data           1  tcp_in.o(.data)
    recv_flags                               0x2000007d   Data           1  tcp_in.o(.data)
    recv_data                                0x20000080   Data           4  tcp_in.o(.data)
    .data                                    0x20000088   Section       12  timeouts.o(.data)
    next_timeout                             0x20000088   Data           4  timeouts.o(.data)
    current_timeout_due_time                 0x2000008c   Data           4  timeouts.o(.data)
    tcpip_tcp_timer_active                   0x20000090   Data           4  timeouts.o(.data)
    .data                                    0x20000094   Section        8  udp.o(.data)
    udp_port                                 0x20000094   Data           2  udp.o(.data)
    .data                                    0x2000009c   Section       24  dhcp.o(.data)
    dhcp_discover_request_options            0x200000a4   Data           3  dhcp.o(.data)
    dhcp_pcb                                 0x200000a8   Data           4  dhcp.o(.data)
    dhcp_pcb_refcount                        0x200000ac   Data           1  dhcp.o(.data)
    xid                                      0x200000b0   Data           4  dhcp.o(.data)
    .data                                    0x200000b4   Section        1  etharp.o(.data)
    etharp_cached_entry                      0x200000b4   Data           1  etharp.o(.data)
    .data                                    0x200000b6   Section        2  ip4.o(.data)
    ip_id                                    0x200000b6   Data           2  ip4.o(.data)
    .data                                    0x200000b8   Section        6  ip4_frag.o(.data)
    reassdatagrams                           0x200000b8   Data           4  ip4_frag.o(.data)
    ip_reass_pbufcount                       0x200000bc   Data           2  ip4_frag.o(.data)
    .data                                    0x200000c0   Section        9  stm32f4xx_hal.o(.data)
    .data                                    0x200000cc   Section        4  system_stm32f4xx.o(.data)
    .data                                    0x200000d0   Section        4  stdout.o(.data)
    .bss                                     0x200000d4   Section       56  lwipdemo.o(.bss)
    .bss                                     0x2000010c   Section       64  bsp_uart.o(.bss)
    .bss                                     0x2000014c   Section       24  ip.o(.bss)
    .bss                                     0x20000164   Section    10259  mem.o(.bss)
    .bss                                     0x20002977   Section    10787  memp.o(.bss)
    .bss                                     0x2000539c   Section       20  tcp_in.o(.bss)
    inseg                                    0x2000539c   Data          20  tcp_in.o(.bss)
    .bss                                     0x200053b0   Section       32  dhcp.o(.bss)
    .bss                                     0x200053d0   Section      240  etharp.o(.bss)
    arp_table                                0x200053d0   Data         240  etharp.o(.bss)
    .bss                                     0x200054c0   Section       16  ip4_addr.o(.bss)
    str                                      0x200054c0   Data          16  ip4_addr.o(.bss)
    .bss                                     0x200054d0   Section    12520  ethernetif.o(.bss)
    STACK                                    0x200085b8   Section     1024  startup_stm32f429xx.o(STACK)

    Global Symbols

    Symbol Name                              Value     Ov Type        Size  Object(Section)

    BuildAttributes$$THM_ISAv4$E$P$D$K$B$S$7EM$VFPi3$EXTD16$VFPS$VFMA$PE$A:L22UL41UL21$X:L11$S22US41US21$IEEE1$IW$USESV6$~STKCKD$USESV7$~SHL$OSPACE$ROPI$EBA8$MICROLIB$REQ8$PRES8$EABIv2 0x00000000   Number         0  anon$$obj.o ABSOLUTE
    __ARM_use_no_argv                        0x00000000   Number         0  main.o ABSOLUTE
    _printf_a                                0x00000000   Number         0  stubs.o ABSOLUTE
    _printf_c                                0x00000000   Number         0  stubs.o ABSOLUTE
    _printf_charcount                        0x00000000   Number         0  stubs.o ABSOLUTE
    _printf_d                                0x00000000   Number         0  stubs.o ABSOLUTE
    _printf_e                                0x00000000   Number         0  stubs.o ABSOLUTE
    _printf_f                                0x00000000   Number         0  stubs.o ABSOLUTE
    _printf_flags                            0x00000000   Number         0  stubs.o ABSOLUTE
    _printf_fp_dec                           0x00000000   Number         0  stubs.o ABSOLUTE
    _printf_fp_hex                           0x00000000   Number         0  stubs.o ABSOLUTE
    _printf_g                                0x00000000   Number         0  stubs.o ABSOLUTE
    _printf_i                                0x00000000   Number         0  stubs.o ABSOLUTE
    _printf_int_dec                          0x00000000   Number         0  stubs.o ABSOLUTE
    _printf_l                                0x00000000   Number         0  stubs.o ABSOLUTE
    _printf_lc                               0x00000000   Number         0  stubs.o ABSOLUTE
    _printf_ll                               0x00000000   Number         0  stubs.o ABSOLUTE
    _printf_lld                              0x00000000   Number         0  stubs.o ABSOLUTE
    _printf_lli                              0x00000000   Number         0  stubs.o ABSOLUTE
    _printf_llo                              0x00000000   Number         0  stubs.o ABSOLUTE
    _printf_llu                              0x00000000   Number         0  stubs.o ABSOLUTE
    _printf_llx                              0x00000000   Number         0  stubs.o ABSOLUTE
    _printf_longlong_dec                     0x00000000   Number         0  stubs.o ABSOLUTE
    _printf_longlong_hex                     0x00000000   Number         0  stubs.o ABSOLUTE
    _printf_longlong_oct                     0x00000000   Number         0  stubs.o ABSOLUTE
    _printf_ls                               0x00000000   Number         0  stubs.o ABSOLUTE
    _printf_mbtowc                           0x00000000   Number         0  stubs.o ABSOLUTE
    _printf_n                                0x00000000   Number         0  stubs.o ABSOLUTE
    _printf_o                                0x00000000   Number         0  stubs.o ABSOLUTE
    _printf_p                                0x00000000   Number         0  stubs.o ABSOLUTE
    _printf_percent                          0x00000000   Number         0  stubs.o ABSOLUTE
    _printf_pre_padding                      0x00000000   Number         0  stubs.o ABSOLUTE
    _printf_return_value                     0x00000000   Number         0  stubs.o ABSOLUTE
    _printf_s                                0x00000000   Number         0  stubs.o ABSOLUTE
    _printf_sizespec                         0x00000000   Number         0  stubs.o ABSOLUTE
    _printf_str                              0x00000000   Number         0  stubs.o ABSOLUTE
    _printf_truncate_signed                  0x00000000   Number         0  stubs.o ABSOLUTE
    _printf_truncate_unsigned                0x00000000   Number         0  stubs.o ABSOLUTE
    _printf_u                                0x00000000   Number         0  stubs.o ABSOLUTE
    _printf_wc                               0x00000000   Number         0  stubs.o ABSOLUTE
    _printf_wctomb                           0x00000000   Number         0  stubs.o ABSOLUTE
    _printf_widthprec                        0x00000000   Number         0  stubs.o ABSOLUTE
    _printf_x                                0x00000000   Number         0  stubs.o ABSOLUTE
    __cpp_initialize__aeabi_                  - Undefined Weak Reference
    __cxa_finalize                            - Undefined Weak Reference
    __decompress                              - Undefined Weak Reference
    _clock_init                               - Undefined Weak Reference
    _microlib_exit                            - Undefined Weak Reference
    __Vectors_Size                           0x000001ac   Number         0  startup_stm32f429xx.o ABSOLUTE
    __Vectors                                0x08000000   Data           4  startup_stm32f429xx.o(RESET)
    __Vectors_End                            0x080001ac   Data           0  startup_stm32f429xx.o(RESET)
    __main                                   0x080001ad   Thumb Code     0  entry.o(.ARM.Collect$$$$00000000)
    _main_stk                                0x080001ad   Thumb Code     0  entry2.o(.ARM.Collect$$$$00000001)
    _main_scatterload                        0x080001b1   Thumb Code     0  entry5.o(.ARM.Collect$$$$00000004)
    __main_after_scatterload                 0x080001b5   Thumb Code     0  entry5.o(.ARM.Collect$$$$00000004)
    _main_clock                              0x080001b5   Thumb Code     0  entry7b.o(.ARM.Collect$$$$00000008)
    _main_cpp_init                           0x080001b5   Thumb Code     0  entry8b.o(.ARM.Collect$$$$0000000A)
    _main_init                               0x080001b5   Thumb Code     0  entry9a.o(.ARM.Collect$$$$0000000B)
    __rt_final_cpp                           0x080001bd   Thumb Code     0  entry10a.o(.ARM.Collect$$$$0000000D)
    __rt_final_exit                          0x080001bd   Thumb Code     0  entry11a.o(.ARM.Collect$$$$0000000F)
    Reset_Handler                            0x080001c1   Thumb Code     8  startup_stm32f429xx.o(.text)
    ADC_IRQHandler                           0x080001db   Thumb Code     0  startup_stm32f429xx.o(.text)
    CAN1_RX0_IRQHandler                      0x080001db   Thumb Code     0  startup_stm32f429xx.o(.text)
    CAN1_RX1_IRQHandler                      0x080001db   Thumb Code     0  startup_stm32f429xx.o(.text)
    CAN1_SCE_IRQHandler                      0x080001db   Thumb Code     0  startup_stm32f429xx.o(.text)
    CAN1_TX_IRQHandler                       0x080001db   Thumb Code     0  startup_stm32f429xx.o(.text)
    CAN2_RX0_IRQHandler                      0x080001db   Thumb Code     0  startup_stm32f429xx.o(.text)
    CAN2_RX1_IRQHandler                      0x080001db   Thumb Code     0  startup_stm32f429xx.o(.text)
    CAN2_SCE_IRQHandler                      0x080001db   Thumb Code     0  startup_stm32f429xx.o(.text)
    CAN2_TX_IRQHandler                       0x080001db   Thumb Code     0  startup_stm32f429xx.o(.text)
    DCMI_IRQHandler                          0x080001db   Thumb Code     0  startup_stm32f429xx.o(.text)
    DMA1_Stream0_IRQHandler                  0x080001db   Thumb Code     0  startup_stm32f429xx.o(.text)
    DMA1_Stream1_IRQHandler                  0x080001db   Thumb Code     0  startup_stm32f429xx.o(.text)
    DMA1_Stream2_IRQHandler                  0x080001db   Thumb Code     0  startup_stm32f429xx.o(.text)
    DMA1_Stream3_IRQHandler                  0x080001db   Thumb Code     0  startup_stm32f429xx.o(.text)
    DMA1_Stream4_IRQHandler                  0x080001db   Thumb Code     0  startup_stm32f429xx.o(.text)
    DMA1_Stream5_IRQHandler                  0x080001db   Thumb Code     0  startup_stm32f429xx.o(.text)
    DMA1_Stream6_IRQHandler                  0x080001db   Thumb Code     0  startup_stm32f429xx.o(.text)
    DMA1_Stream7_IRQHandler                  0x080001db   Thumb Code     0  startup_stm32f429xx.o(.text)
    DMA2D_IRQHandler                         0x080001db   Thumb Code     0  startup_stm32f429xx.o(.text)
    DMA2_Stream0_IRQHandler                  0x080001db   Thumb Code     0  startup_stm32f429xx.o(.text)
    DMA2_Stream1_IRQHandler                  0x080001db   Thumb Code     0  startup_stm32f429xx.o(.text)
    DMA2_Stream2_IRQHandler                  0x080001db   Thumb Code     0  startup_stm32f429xx.o(.text)
    DMA2_Stream3_IRQHandler                  0x080001db   Thumb Code     0  startup_stm32f429xx.o(.text)
    DMA2_Stream4_IRQHandler                  0x080001db   Thumb Code     0  startup_stm32f429xx.o(.text)
    DMA2_Stream5_IRQHandler                  0x080001db   Thumb Code     0  startup_stm32f429xx.o(.text)
    DMA2_Stream6_IRQHandler                  0x080001db   Thumb Code     0  startup_stm32f429xx.o(.text)
    DMA2_Stream7_IRQHandler                  0x080001db   Thumb Code     0  startup_stm32f429xx.o(.text)
    ETH_IRQHandler                           0x080001db   Thumb Code     0  startup_stm32f429xx.o(.text)
    ETH_WKUP_IRQHandler                      0x080001db   Thumb Code     0  startup_stm32f429xx.o(.text)
    EXTI0_IRQHandler                         0x080001db   Thumb Code     0  startup_stm32f429xx.o(.text)
    EXTI15_10_IRQHandler                     0x080001db   Thumb Code     0  startup_stm32f429xx.o(.text)
    EXTI1_IRQHandler                         0x080001db   Thumb Code     0  startup_stm32f429xx.o(.text)
    EXTI2_IRQHandler                         0x080001db   Thumb Code     0  startup_stm32f429xx.o(.text)
    EXTI3_IRQHandler                         0x080001db   Thumb Code     0  startup_stm32f429xx.o(.text)
    EXTI4_IRQHandler                         0x080001db   Thumb Code     0  startup_stm32f429xx.o(.text)
    EXTI9_5_IRQHandler                       0x080001db   Thumb Code     0  startup_stm32f429xx.o(.text)
    FLASH_IRQHandler                         0x080001db   Thumb Code     0  startup_stm32f429xx.o(.text)
    FMC_IRQHandler                           0x080001db   Thumb Code     0  startup_stm32f429xx.o(.text)
    FPU_IRQHandler                           0x080001db   Thumb Code     0  startup_stm32f429xx.o(.text)
    HASH_RNG_IRQHandler                      0x080001db   Thumb Code     0  startup_stm32f429xx.o(.text)
    I2C1_ER_IRQHandler                       0x080001db   Thumb Code     0  startup_stm32f429xx.o(.text)
    I2C1_EV_IRQHandler                       0x080001db   Thumb Code     0  startup_stm32f429xx.o(.text)
    I2C2_ER_IRQHandler                       0x080001db   Thumb Code     0  startup_stm32f429xx.o(.text)
    I2C2_EV_IRQHandler                       0x080001db   Thumb Code     0  startup_stm32f429xx.o(.text)
    I2C3_ER_IRQHandler                       0x080001db   Thumb Code     0  startup_stm32f429xx.o(.text)
    I2C3_EV_IRQHandler                       0x080001db   Thumb Code     0  startup_stm32f429xx.o(.text)
    LTDC_ER_IRQHandler                       0x080001db   Thumb Code     0  startup_stm32f429xx.o(.text)
    LTDC_IRQHandler                          0x080001db   Thumb Code     0  startup_stm32f429xx.o(.text)
    OTG_FS_IRQHandler                        0x080001db   Thumb Code     0  startup_stm32f429xx.o(.text)
    OTG_FS_WKUP_IRQHandler                   0x080001db   Thumb Code     0  startup_stm32f429xx.o(.text)
    OTG_HS_EP1_IN_IRQHandler                 0x080001db   Thumb Code     0  startup_stm32f429xx.o(.text)
    OTG_HS_EP1_OUT_IRQHandler                0x080001db   Thumb Code     0  startup_stm32f429xx.o(.text)
    OTG_HS_IRQHandler                        0x080001db   Thumb Code     0  startup_stm32f429xx.o(.text)
    OTG_HS_WKUP_IRQHandler                   0x080001db   Thumb Code     0  startup_stm32f429xx.o(.text)
    PVD_IRQHandler                           0x080001db   Thumb Code     0  startup_stm32f429xx.o(.text)
    RCC_IRQHandler                           0x080001db   Thumb Code     0  startup_stm32f429xx.o(.text)
    RTC_Alarm_IRQHandler                     0x080001db   Thumb Code     0  startup_stm32f429xx.o(.text)
    RTC_WKUP_IRQHandler                      0x080001db   Thumb Code     0  startup_stm32f429xx.o(.text)
    SAI1_IRQHandler                          0x080001db   Thumb Code     0  startup_stm32f429xx.o(.text)
    SDIO_IRQHandler                          0x080001db   Thumb Code     0  startup_stm32f429xx.o(.text)
    SPI1_IRQHandler                          0x080001db   Thumb Code     0  startup_stm32f429xx.o(.text)
    SPI2_IRQHandler                          0x080001db   Thumb Code     0  startup_stm32f429xx.o(.text)
    SPI3_IRQHandler                          0x080001db   Thumb Code     0  startup_stm32f429xx.o(.text)
    SPI4_IRQHandler                          0x080001db   Thumb Code     0  startup_stm32f429xx.o(.text)
    SPI5_IRQHandler                          0x080001db   Thumb Code     0  startup_stm32f429xx.o(.text)
    SPI6_IRQHandler                          0x080001db   Thumb Code     0  startup_stm32f429xx.o(.text)
    TAMP_STAMP_IRQHandler                    0x080001db   Thumb Code     0  startup_stm32f429xx.o(.text)
    TIM1_BRK_TIM9_IRQHandler                 0x080001db   Thumb Code     0  startup_stm32f429xx.o(.text)
    TIM1_CC_IRQHandler                       0x080001db   Thumb Code     0  startup_stm32f429xx.o(.text)
    TIM1_TRG_COM_TIM11_IRQHandler            0x080001db   Thumb Code     0  startup_stm32f429xx.o(.text)
    TIM1_UP_TIM10_IRQHandler                 0x080001db   Thumb Code     0  startup_stm32f429xx.o(.text)
    TIM2_IRQHandler                          0x080001db   Thumb Code     0  startup_stm32f429xx.o(.text)
    TIM3_IRQHandler                          0x080001db   Thumb Code     0  startup_stm32f429xx.o(.text)
    TIM4_IRQHandler                          0x080001db   Thumb Code     0  startup_stm32f429xx.o(.text)
    TIM5_IRQHandler                          0x080001db   Thumb Code     0  startup_stm32f429xx.o(.text)
    TIM6_DAC_IRQHandler                      0x080001db   Thumb Code     0  startup_stm32f429xx.o(.text)
    TIM7_IRQHandler                          0x080001db   Thumb Code     0  startup_stm32f429xx.o(.text)
    TIM8_BRK_TIM12_IRQHandler                0x080001db   Thumb Code     0  startup_stm32f429xx.o(.text)
    TIM8_CC_IRQHandler                       0x080001db   Thumb Code     0  startup_stm32f429xx.o(.text)
    TIM8_TRG_COM_TIM14_IRQHandler            0x080001db   Thumb Code     0  startup_stm32f429xx.o(.text)
    TIM8_UP_TIM13_IRQHandler                 0x080001db   Thumb Code     0  startup_stm32f429xx.o(.text)
    UART4_IRQHandler                         0x080001db   Thumb Code     0  startup_stm32f429xx.o(.text)
    UART5_IRQHandler                         0x080001db   Thumb Code     0  startup_stm32f429xx.o(.text)
    UART7_IRQHandler                         0x080001db   Thumb Code     0  startup_stm32f429xx.o(.text)
    UART8_IRQHandler                         0x080001db   Thumb Code     0  startup_stm32f429xx.o(.text)
    USART1_IRQHandler                        0x080001db   Thumb Code     0  startup_stm32f429xx.o(.text)
    USART2_IRQHandler                        0x080001db   Thumb Code     0  startup_stm32f429xx.o(.text)
    USART3_IRQHandler                        0x080001db   Thumb Code     0  startup_stm32f429xx.o(.text)
    USART6_IRQHandler                        0x080001db   Thumb Code     0  startup_stm32f429xx.o(.text)
    WWDG_IRQHandler                          0x080001db   Thumb Code     0  startup_stm32f429xx.o(.text)
    __aeabi_uldivmod                         0x080001e5   Thumb Code    98  uldiv.o(.text)
    ___aeabi_memcpy4$move                    0x08000247   Thumb Code     0  memmovea.o(.text)
    ___aeabi_memcpy8$move                    0x08000247   Thumb Code     0  memmovea.o(.text)
    __aeabi_memcpy                           0x08000247   Thumb Code    64  memmovea.o(.text)
    __aeabi_memmove                          0x08000247   Thumb Code     0  memmovea.o(.text)
    __aeabi_memmove4                         0x08000247   Thumb Code     0  memmovea.o(.text)
    __aeabi_memmove8                         0x08000247   Thumb Code     0  memmovea.o(.text)
    __aeabi_memset                           0x08000287   Thumb Code    14  memseta.o(.text)
    __aeabi_memset4                          0x08000287   Thumb Code     0  memseta.o(.text)
    __aeabi_memset8                          0x08000287   Thumb Code     0  memseta.o(.text)
    __aeabi_memclr                           0x08000295   Thumb Code     4  memseta.o(.text)
    __aeabi_memclr4                          0x08000295   Thumb Code     0  memseta.o(.text)
    __aeabi_memclr8                          0x08000295   Thumb Code     0  memseta.o(.text)
    _memset$wrapper                          0x08000299   Thumb Code    18  memseta.o(.text)
    memcmp                                   0x080002ab   Thumb Code    26  memcmp.o(.text)
    __aeabi_llsl                             0x080002c5   Thumb Code    30  llshl.o(.text)
    _ll_shift_l                              0x080002c5   Thumb Code     0  llshl.o(.text)
    __aeabi_llsr                             0x080002e3   Thumb Code    32  llushr.o(.text)
    _ll_ushift_r                             0x080002e3   Thumb Code     0  llushr.o(.text)
    __scatterload                            0x08000305   Thumb Code    28  init.o(.text)
    __scatterload_rt2                        0x08000305   Thumb Code     0  init.o(.text)
    BusFault_Handler                         0x08000329   Thumb Code     4  stm32f4xx_it.o(i.BusFault_Handler)
    DebugMon_Handler                         0x0800032d   Thumb Code     2  stm32f4xx_it.o(i.DebugMon_Handler)
    Error_Handler                            0x08000685   Thumb Code     2  main.o(i.Error_Handler)
    HAL_Delay                                0x08000689   Thumb Code    36  stm32f4xx_hal.o(i.HAL_Delay)
    HAL_ETH_DMARxDescListInit                0x080006b1   Thumb Code   140  stm32f4xx_hal_eth.o(i.HAL_ETH_DMARxDescListInit)
    HAL_ETH_DMATxDescListInit                0x0800073d   Thumb Code   132  stm32f4xx_hal_eth.o(i.HAL_ETH_DMATxDescListInit)
    HAL_ETH_GetReceivedFrame                 0x080007c1   Thumb Code   178  stm32f4xx_hal_eth.o(i.HAL_ETH_GetReceivedFrame)
    HAL_ETH_Init                             0x08000875   Thumb Code   642  stm32f4xx_hal_eth.o(i.HAL_ETH_Init)
    HAL_ETH_MspInit                          0x08000b15   Thumb Code   318  ethernetif.o(i.HAL_ETH_MspInit)
    HAL_ETH_ReadPHYRegister                  0x08000c71   Thumb Code   146  stm32f4xx_hal_eth.o(i.HAL_ETH_ReadPHYRegister)
    HAL_ETH_Start                            0x08000d03   Thumb Code    82  stm32f4xx_hal_eth.o(i.HAL_ETH_Start)
    HAL_ETH_TransmitFrame                    0x08000d55   Thumb Code   318  stm32f4xx_hal_eth.o(i.HAL_ETH_TransmitFrame)
    HAL_ETH_WritePHYRegister                 0x08000e93   Thumb Code   144  stm32f4xx_hal_eth.o(i.HAL_ETH_WritePHYRegister)
    HAL_GPIO_Init                            0x08000f25   Thumb Code   486  stm32f4xx_hal_gpio.o(i.HAL_GPIO_Init)
    HAL_GPIO_WritePin                        0x08001141   Thumb Code    12  stm32f4xx_hal_gpio.o(i.HAL_GPIO_WritePin)
    HAL_GetTick                              0x0800114d   Thumb Code     6  stm32f4xx_hal.o(i.HAL_GetTick)
    HAL_IncTick                              0x08001159   Thumb Code    16  stm32f4xx_hal.o(i.HAL_IncTick)
    HAL_Init                                 0x08001171   Thumb Code    54  stm32f4xx_hal.o(i.HAL_Init)
    HAL_InitTick                             0x080011ad   Thumb Code    64  stm32f4xx_hal.o(i.HAL_InitTick)
    HAL_MspInit                              0x080011f9   Thumb Code    68  stm32f4xx_hal_msp.o(i.HAL_MspInit)
    HAL_NVIC_SetPriority                     0x08001241   Thumb Code   124  stm32f4xx_hal_cortex.o(i.HAL_NVIC_SetPriority)
    HAL_NVIC_SetPriorityGrouping             0x080012bd   Thumb Code    32  stm32f4xx_hal_cortex.o(i.HAL_NVIC_SetPriorityGrouping)
    HAL_PWREx_EnableOverDrive                0x080012e5   Thumb Code   128  stm32f4xx_hal_pwr_ex.o(i.HAL_PWREx_EnableOverDrive)
    HAL_RCC_ClockConfig                      0x08001371   Thumb Code   366  stm32f4xx_hal_rcc.o(i.HAL_RCC_ClockConfig)
    HAL_RCC_GetHCLKFreq                      0x080014f1   Thumb Code     6  stm32f4xx_hal_rcc.o(i.HAL_RCC_GetHCLKFreq)
    HAL_RCC_GetPCLK1Freq                     0x080014fd   Thumb Code    22  stm32f4xx_hal_rcc.o(i.HAL_RCC_GetPCLK1Freq)
    HAL_RCC_GetPCLK2Freq                     0x0800151d   Thumb Code    22  stm32f4xx_hal_rcc.o(i.HAL_RCC_GetPCLK2Freq)
    HAL_RCC_GetSysClockFreq                  0x0800153d   Thumb Code   162  stm32f4xx_hal_rcc.o(i.HAL_RCC_GetSysClockFreq)
    HAL_RCC_OscConfig                        0x080015ed   Thumb Code  1086  stm32f4xx_hal_rcc.o(i.HAL_RCC_OscConfig)
    HAL_SYSTICK_Config                       0x08001a35   Thumb Code    52  stm32f4xx_hal_cortex.o(i.HAL_SYSTICK_Config)
    HAL_UART_Init                            0x08001a69   Thumb Code   114  stm32f4xx_hal_uart.o(i.HAL_UART_Init)
    HAL_UART_MspInit                         0x08001add   Thumb Code   134  bsp_uart.o(i.HAL_UART_MspInit)
    HAL_UART_Transmit                        0x08001b71   Thumb Code   214  stm32f4xx_hal_uart.o(i.HAL_UART_Transmit)
    HardFault_Handler                        0x08001c47   Thumb Code     4  stm32f4xx_it.o(i.HardFault_Handler)
    MemManage_Handler                        0x08001ced   Thumb Code     4  stm32f4xx_it.o(i.MemManage_Handler)
    NMI_Handler                              0x08001cf1   Thumb Code     2  stm32f4xx_it.o(i.NMI_Handler)
    PendSV_Handler                           0x08001d2d   Thumb Code     2  stm32f4xx_it.o(i.PendSV_Handler)
    SVC_Handler                              0x08001d2f   Thumb Code     2  stm32f4xx_it.o(i.SVC_Handler)
    SysTick_Handler                          0x08001d31   Thumb Code     8  stm32f4xx_it.o(i.SysTick_Handler)
    SystemClock_Config                       0x08001d39   Thumb Code   182  main.o(i.SystemClock_Config)
    SystemInit                               0x08001df9   Thumb Code    82  system_stm32f4xx.o(i.SystemInit)
    UsageFault_Handler                       0x08002231   Thumb Code     4  stm32f4xx_it.o(i.UsageFault_Handler)
    __0printf$5                              0x08002235   Thumb Code    22  printf5.o(i.__0printf$5)
    __1printf$5                              0x08002235   Thumb Code     0  printf5.o(i.__0printf$5)
    __2printf                                0x08002235   Thumb Code     0  printf5.o(i.__0printf$5)
    __scatterload_copy                       0x08002255   Thumb Code    14  handlers.o(i.__scatterload_copy)
    __scatterload_null                       0x08002263   Thumb Code     2  handlers.o(i.__scatterload_null)
    __scatterload_zeroinit                   0x08002265   Thumb Code    14  handlers.o(i.__scatterload_zeroinit)
    dhcp_arp_reply                           0x08002535   Thumb Code    72  dhcp.o(i.dhcp_arp_reply)
    dhcp_coarse_tmr                          0x08002805   Thumb Code   114  dhcp.o(i.dhcp_coarse_tmr)
    dhcp_fine_tmr                            0x08002d41   Thumb Code    56  dhcp.o(i.dhcp_fine_tmr)
    dhcp_release_and_stop                    0x08003b79   Thumb Code   208  dhcp.o(i.dhcp_release_and_stop)
    dhcp_renew                               0x08003c51   Thumb Code   248  dhcp.o(i.dhcp_renew)
    dhcp_start                               0x08003f95   Thumb Code   218  dhcp.o(i.dhcp_start)
    dhcp_stop                                0x080040fd   Thumb Code    12  dhcp.o(i.dhcp_stop)
    dhcp_supplied_address                    0x08004109   Thumb Code    40  dhcp.o(i.dhcp_supplied_address)
    etharp_cleanup_netif                     0x080043b1   Thumb Code    50  etharp.o(i.etharp_cleanup_netif)
    etharp_input                             0x08004771   Thumb Code   234  etharp.o(i.etharp_input)
    etharp_output                            0x080048c5   Thumb Code   392  etharp.o(i.etharp_output)
    etharp_query                             0x08004c3d   Thumb Code   498  etharp.o(i.etharp_query)
    etharp_request                           0x08005079   Thumb Code    22  etharp.o(i.etharp_request)
    etharp_tmr                               0x080050c1   Thumb Code   222  etharp.o(i.etharp_tmr)
    ethernet_input                           0x08005305   Thumb Code   210  ethernet.o(i.ethernet_input)
    ethernet_output                          0x080053dd   Thumb Code   120  ethernet.o(i.ethernet_output)
    ethernetif_init                          0x080054e1   Thumb Code    58  ethernetif.o(i.ethernetif_init)
    ethernetif_input                         0x08005589   Thumb Code    44  ethernetif.o(i.ethernetif_input)
    fputc                                    0x080055b5   Thumb Code    24  bsp_uart.o(i.fputc)
    icmp_dest_unreach                        0x080055d1   Thumb Code    18  icmp.o(i.icmp_dest_unreach)
    icmp_input                               0x080055e5   Thumb Code   500  icmp.o(i.icmp_input)
    icmp_time_exceeded                       0x080059cd   Thumb Code    18  icmp.o(i.icmp_time_exceeded)
    inet_chksum_pbuf                         0x080059df   Thumb Code    86  inet_chksum.o(i.inet_chksum_pbuf)
    ip4_addr_isbroadcast_u32                 0x08005a35   Thumb Code    78  ip4_addr.o(i.ip4_addr_isbroadcast_u32)
    ip4_frag                                 0x08005a85   Thumb Code   536  ip4_frag.o(i.ip4_frag)
    ip4_input                                0x08005d49   Thumb Code   512  ip4.o(i.ip4_input)
    ip4_output_if                            0x08005f8d   Thumb Code    54  ip4.o(i.ip4_output_if)
    ip4_output_if_src                        0x08005fc5   Thumb Code   266  ip4.o(i.ip4_output_if_src)
    ip4_reass                                0x0800616d   Thumb Code   608  ip4_frag.o(i.ip4_reass)
    ip4_route                                0x08006479   Thumb Code   144  ip4.o(i.ip4_route)
    ip4addr_ntoa                             0x08006511   Thumb Code    16  ip4_addr.o(i.ip4addr_ntoa)
    ip4addr_ntoa_r                           0x08006525   Thumb Code   168  ip4_addr.o(i.ip4addr_ntoa_r)
    ip_reass_tmr                             0x08006cd5   Thumb Code    56  ip4_frag.o(i.ip_reass_tmr)
    lwip_Process                             0x080070a1   Thumb Code    42  lwipdemo.o(i.lwip_Process)
    lwip_dhcp_process_handle                 0x08007125   Thumb Code   236  lwipdemo.o(i.lwip_dhcp_process_handle)
    lwip_htonl                               0x08007331   Thumb Code    26  def.o(i.lwip_htonl)
    lwip_htons                               0x0800734b   Thumb Code    12  def.o(i.lwip_htons)
    lwip_init                                0x08007359   Thumb Code    64  init.o(i.lwip_init)
    lwip_init_task                           0x080073f1   Thumb Code    82  lwipdemo.o(i.lwip_init_task)
    lwip_standard_chksum                     0x08007455   Thumb Code    94  inet_chksum.o(i.lwip_standard_chksum)
    main                                     0x080074b5   Thumb Code    90  main.o(i.main)
    mem_free                                 0x08007579   Thumb Code   214  mem.o(i.mem_free)
    mem_init                                 0x08007749   Thumb Code    76  mem.o(i.mem_init)
    mem_malloc                               0x080077fd   Thumb Code   406  mem.o(i.mem_malloc)
    mem_trim                                 0x08007ab1   Thumb Code   392  mem.o(i.mem_trim)
    memp_free                                0x08007ce1   Thumb Code    54  memp.o(i.memp_free)
    memp_init                                0x08007d8d   Thumb Code    26  memp.o(i.memp_init)
    memp_init_pool                           0x08007dad   Thumb Code    44  memp.o(i.memp_init_pool)
    memp_malloc                              0x08007dd9   Thumb Code    50  memp.o(i.memp_malloc)
    netif_add                                0x08007e85   Thumb Code   352  netif.o(i.netif_add)
    netif_get_by_index                       0x08008219   Thumb Code    36  netif.o(i.netif_get_by_index)
    netif_init                               0x08008241   Thumb Code     2  netif.o(i.netif_init)
    netif_set_addr                           0x0800831d   Thumb Code    92  netif.o(i.netif_set_addr)
    netif_set_default                        0x0800837d   Thumb Code    10  netif.o(i.netif_set_default)
    netif_set_down                           0x0800838d   Thumb Code    78  netif.o(i.netif_set_down)
    netif_set_up                             0x08008451   Thumb Code    70  netif.o(i.netif_set_up)
    pbuf_add_header                          0x08008509   Thumb Code    18  pbuf.o(i.pbuf_add_header)
    pbuf_alloc                               0x08008609   Thumb Code   412  pbuf.o(i.pbuf_alloc)
    pbuf_alloc_reference                     0x080088a5   Thumb Code    82  pbuf.o(i.pbuf_alloc_reference)
    pbuf_alloced_custom                      0x08008961   Thumb Code    90  pbuf.o(i.pbuf_alloced_custom)
    pbuf_cat                                 0x080089bd   Thumb Code   126  pbuf.o(i.pbuf_cat)
    pbuf_chain                               0x08008b09   Thumb Code    26  pbuf.o(i.pbuf_chain)
    pbuf_clen                                0x08008b23   Thumb Code    18  pbuf.o(i.pbuf_clen)
    pbuf_clone                               0x08008b35   Thumb Code    68  pbuf.o(i.pbuf_clone)
    pbuf_copy                                0x08008be1   Thumb Code   312  pbuf.o(i.pbuf_copy)
    pbuf_copy_partial                        0x08008e0d   Thumb Code   164  pbuf.o(i.pbuf_copy_partial)
    pbuf_free                                0x08008f49   Thumb Code   244  pbuf.o(i.pbuf_free)
    pbuf_header_force                        0x080090ed   Thumb Code    18  pbuf.o(i.pbuf_header_force)
    pbuf_realloc                             0x08009141   Thumb Code   192  pbuf.o(i.pbuf_realloc)
    pbuf_ref                                 0x080092a1   Thumb Code    48  pbuf.o(i.pbuf_ref)
    pbuf_remove_header                       0x08009339   Thumb Code   114  pbuf.o(i.pbuf_remove_header)
    sys_check_timeouts                       0x0800960d   Thumb Code    74  timeouts.o(i.sys_check_timeouts)
    sys_now                                  0x08009661   Thumb Code     8  ethernetif.o(i.sys_now)
    sys_timeout                              0x08009669   Thumb Code    58  timeouts.o(i.sys_timeout)
    sys_timeouts_init                        0x08009871   Thumb Code    30  timeouts.o(i.sys_timeouts_init)
    tcp_abandon                              0x08009899   Thumb Code   276  tcp.o(i.tcp_abandon)
    tcp_abort                                0x08009a5d   Thumb Code    14  tcp.o(i.tcp_abort)
    tcp_alloc                                0x08009a6d   Thumb Code   188  tcp.o(i.tcp_alloc)
    tcp_close                                0x08009b39   Thumb Code    66  tcp.o(i.tcp_close)
    tcp_eff_send_mss_netif                   0x0800a0a1   Thumb Code    82  tcp.o(i.tcp_eff_send_mss_netif)
    tcp_enqueue_flags                        0x0800a16d   Thumb Code   422  tcp_out.o(i.tcp_enqueue_flags)
    tcp_fasttmr                              0x0800a435   Thumb Code   150  tcp.o(i.tcp_fasttmr)
    tcp_free                                 0x0800a4d9   Thumb Code    40  tcp.o(i.tcp_free)
    tcp_init                                 0x0800a7dd   Thumb Code     2  tcp.o(i.tcp_init)
    tcp_input                                0x0800a7e1   Thumb Code  2016  tcp_in.o(i.tcp_input)
    tcp_keepalive                            0x0800b0ed   Thumb Code   122  tcp_out.o(i.tcp_keepalive)
    tcp_netif_ip_addr_changed                0x0800b615   Thumb Code    64  tcp.o(i.tcp_netif_ip_addr_changed)
    tcp_next_iss                             0x0800b72d   Thumb Code    48  tcp.o(i.tcp_next_iss)
    tcp_output                               0x0800b7d1   Thumb Code   700  tcp_out.o(i.tcp_output)
    tcp_pcb_purge                            0x0800c379   Thumb Code   118  tcp.o(i.tcp_pcb_purge)
    tcp_pcb_remove                           0x0800c45d   Thumb Code   220  tcp.o(i.tcp_pcb_remove)
    tcp_process_refused_data                 0x0800cd61   Thumb Code   190  tcp.o(i.tcp_process_refused_data)
    tcp_recv_null                            0x0800d685   Thumb Code    78  tcp.o(i.tcp_recv_null)
    tcp_recved                               0x0800d741   Thumb Code   140  tcp.o(i.tcp_recved)
    tcp_rexmit                               0x0800d909   Thumb Code   146  tcp_out.o(i.tcp_rexmit)
    tcp_rexmit_fast                          0x0800da09   Thumb Code   150  tcp_out.o(i.tcp_rexmit_fast)
    tcp_rexmit_rto                           0x0800db15   Thumb Code    46  tcp_out.o(i.tcp_rexmit_rto)
    tcp_rexmit_rto_commit                    0x0800dbb5   Thumb Code    56  tcp_out.o(i.tcp_rexmit_rto_commit)
    tcp_rexmit_rto_prepare                   0x0800dc65   Thumb Code   168  tcp_out.o(i.tcp_rexmit_rto_prepare)
    tcp_rst                                  0x0800dda5   Thumb Code   154  tcp_out.o(i.tcp_rst)
    tcp_seg_free                             0x0800decd   Thumb Code    26  tcp.o(i.tcp_seg_free)
    tcp_segs_free                            0x0800dee7   Thumb Code    24  tcp.o(i.tcp_segs_free)
    tcp_send_empty_ack                       0x0800df01   Thumb Code   202  tcp_out.o(i.tcp_send_empty_ack)
    tcp_send_fin                             0x0800e041   Thumb Code   104  tcp_out.o(i.tcp_send_fin)
    tcp_slowtmr                              0x0800e119   Thumb Code  1706  tcp.o(i.tcp_slowtmr)
    tcp_split_unsent_seg                     0x0800e851   Thumb Code   530  tcp_out.o(i.tcp_split_unsent_seg)
    tcp_timer_needed                         0x0800eb2d   Thumb Code    38  timeouts.o(i.tcp_timer_needed)
    tcp_tmr                                  0x0800eca1   Thumb Code    30  tcp.o(i.tcp_tmr)
    tcp_trigger_input_pcb_close              0x0800ecc5   Thumb Code    14  tcp_in.o(i.tcp_trigger_input_pcb_close)
    tcp_update_rcv_ann_wnd                   0x0800ecd9   Thumb Code   128  tcp.o(i.tcp_update_rcv_ann_wnd)
    tcp_zero_window_probe                    0x0800ede9   Thumb Code   262  tcp_out.o(i.tcp_zero_window_probe)
    uart_init                                0x0800efa1   Thumb Code    44  bsp_uart.o(i.uart_init)
    udp_bind                                 0x0800efd5   Thumb Code   202  udp.o(i.udp_bind)
    udp_connect                              0x0800f111   Thumb Code   170  udp.o(i.udp_connect)
    udp_disconnect                           0x0800f249   Thumb Code    56  udp.o(i.udp_disconnect)
    udp_init                                 0x0800f2ed   Thumb Code     2  udp.o(i.udp_init)
    udp_input                                0x0800f2f1   Thumb Code   462  udp.o(i.udp_input)
    udp_netif_ip_addr_changed                0x0800f699   Thumb Code    42  udp.o(i.udp_netif_ip_addr_changed)
    udp_new                                  0x0800f6c9   Thumb Code    28  udp.o(i.udp_new)
    udp_recv                                 0x0800f73d   Thumb Code    42  udp.o(i.udp_recv)
    udp_remove                               0x0800f7d1   Thumb Code    92  udp.o(i.udp_remove)
    udp_sendto                               0x0800f899   Thumb Code   168  udp.o(i.udp_sendto)
    udp_sendto_if                            0x0800f9e1   Thumb Code   198  udp.o(i.udp_sendto_if)
    udp_sendto_if_src                        0x0800fb71   Thumb Code   414  udp.o(i.udp_sendto_if_src)
    udp_server_init                          0x0800fe3d   Thumb Code    50  udp_server.o(i.udp_server_init)
    udp_server_recv                          0x0800fea5   Thumb Code   134  udp_server.o(i.udp_server_recv)
    memp_UDP_PCB                             0x0800ff64   Data          16  memp.o(.constdata)
    memp_TCP_PCB                             0x0800ff74   Data          16  memp.o(.constdata)
    memp_TCP_PCB_LISTEN                      0x0800ff84   Data          16  memp.o(.constdata)
    memp_TCP_SEG                             0x0800ff94   Data          16  memp.o(.constdata)
    memp_REASSDATA                           0x0800ffa4   Data          16  memp.o(.constdata)
    memp_FRAG_PBUF                           0x0800ffb4   Data          16  memp.o(.constdata)
    memp_SYS_TIMEOUT                         0x0800ffc4   Data          16  memp.o(.constdata)
    memp_PBUF                                0x0800ffd4   Data          16  memp.o(.constdata)
    memp_PBUF_POOL                           0x0800ffe4   Data          16  memp.o(.constdata)
    memp_pools                               0x0800fff4   Data          36  memp.o(.constdata)
    tcp_pcb_lists                            0x08010058   Data          16  tcp.o(.constdata)
    lwip_cyclic_timers                       0x08010068   Data          40  timeouts.o(.constdata)
    lwip_num_cyclic_timers                   0x08010090   Data           4  timeouts.o(.constdata)
    ip_addr_any                              0x08010094   Data           4  ip4_addr.o(.constdata)
    ip_addr_broadcast                        0x08010098   Data           4  ip4_addr.o(.constdata)
    ethbroadcast                             0x0801009c   Data           6  ethernet.o(.constdata)
    ethzero                                  0x080100a2   Data           6  ethernet.o(.constdata)
    AHBPrescTable                            0x080100a8   Data          16  system_stm32f4xx.o(.constdata)
    APBPrescTable                            0x080100b8   Data           8  system_stm32f4xx.o(.constdata)
    Region$$Table$$Base                      0x080102bc   Number         0  anon$$obj.o(Region$$Table)
    Region$$Table$$Limit                     0x080102dc   Number         0  anon$$obj.o(Region$$Table)
    DHCP_state                               0x20000000   Data           1  lwipdemo.o(.data)
    netif_list                               0x20000034   Data           4  netif.o(.data)
    netif_default                            0x20000038   Data           4  netif.o(.data)
    tcp_ticks                                0x20000044   Data           4  tcp.o(.data)
    tcp_bound_pcbs                           0x20000048   Data           4  tcp.o(.data)
    tcp_listen_pcbs                          0x2000004c   Data           4  tcp.o(.data)
    tcp_active_pcbs                          0x20000050   Data           4  tcp.o(.data)
    tcp_tw_pcbs                              0x20000054   Data           4  tcp.o(.data)
    tcp_active_pcbs_changed                  0x20000058   Data           1  tcp.o(.data)
    tcp_input_pcb                            0x20000084   Data           4  tcp_in.o(.data)
    udp_pcbs                                 0x20000098   Data           4  udp.o(.data)
    dhcp_rx_options_given                    0x2000009c   Data           8  dhcp.o(.data)
    uwTick                                   0x200000c0   Data           4  stm32f4xx_hal.o(.data)
    uwTickPrio                               0x200000c4   Data           4  stm32f4xx_hal.o(.data)
    uwTickFreq                               0x200000c8   Data           1  stm32f4xx_hal.o(.data)
    SystemCoreClock                          0x200000cc   Data           4  system_stm32f4xx.o(.data)
    __stdout                                 0x200000d0   Data           4  stdout.o(.data)
    gnetif                                   0x200000d4   Data          56  lwipdemo.o(.bss)
    uart_handle                              0x2000010c   Data          64  bsp_uart.o(.bss)
    ip_data                                  0x2000014c   Data          24  ip.o(.bss)
    ram_heap                                 0x20000164   Data       10259  mem.o(.bss)
    memp_memory_UDP_PCB_base                 0x20002977   Data         195  memp.o(.bss)
    memp_memory_TCP_PCB_base                 0x20002a3a   Data        1523  memp.o(.bss)
    memp_memory_TCP_PCB_LISTEN_base          0x2000302d   Data         171  memp.o(.bss)
    memp_memory_TCP_SEG_base                 0x200030d8   Data         243  memp.o(.bss)
    memp_memory_REASSDATA_base               0x200031cb   Data         163  memp.o(.bss)
    memp_memory_FRAG_PBUF_base               0x2000326e   Data         363  memp.o(.bss)
    memp_memory_SYS_TIMEOUT_base             0x200033d9   Data         163  memp.o(.bss)
    memp_memory_PBUF_base                    0x2000347c   Data         803  memp.o(.bss)
    memp_memory_PBUF_POOL_base               0x2000379f   Data        7163  memp.o(.bss)
    dhcp_rx_options_val                      0x200053b0   Data          32  dhcp.o(.bss)
    DMARxDscrTab                             0x200054d0   Data         128  ethernetif.o(.bss)
    DMATxDscrTab                             0x20005550   Data         128  ethernetif.o(.bss)
    Rx_Buff                                  0x200055d0   Data        6096  ethernetif.o(.bss)
    Tx_Buff                                  0x20006da0   Data        6096  ethernetif.o(.bss)
    heth                                     0x20008570   Data          72  ethernetif.o(.bss)
    __initial_sp                             0x200089b8   Data           0  startup_stm32f429xx.o(STACK)



==============================================================================

Memory Map of the image

  Image Entry point : 0x080001ad

  Load Region LR_IROM1 (Base: 0x08000000, Size: 0x000103b0, Max: 0x00100000, ABSOLUTE)

    Execution Region ER_IROM1 (Base: 0x08000000, Size: 0x000102dc, Max: 0x00100000, ABSOLUTE)

    Base Addr    Size         Type   Attr      Idx    E Section Name        Object

    0x08000000   0x000001ac   Data   RO            3    RESET               startup_stm32f429xx.o
    0x080001ac   0x00000000   Code   RO         5092  * .ARM.Collect$$$$00000000  mc_w.l(entry.o)
    0x080001ac   0x00000004   Code   RO         5434    .ARM.Collect$$$$00000001  mc_w.l(entry2.o)
    0x080001b0   0x00000004   Code   RO         5437    .ARM.Collect$$$$00000004  mc_w.l(entry5.o)
    0x080001b4   0x00000000   Code   RO         5439    .ARM.Collect$$$$00000008  mc_w.l(entry7b.o)
    0x080001b4   0x00000000   Code   RO         5441    .ARM.Collect$$$$0000000A  mc_w.l(entry8b.o)
    0x080001b4   0x00000008   Code   RO         5442    .ARM.Collect$$$$0000000B  mc_w.l(entry9a.o)
    0x080001bc   0x00000000   Code   RO         5444    .ARM.Collect$$$$0000000D  mc_w.l(entry10a.o)
    0x080001bc   0x00000000   Code   RO         5446    .ARM.Collect$$$$0000000F  mc_w.l(entry11a.o)
    0x080001bc   0x00000004   Code   RO         5435    .ARM.Collect$$$$00002712  mc_w.l(entry2.o)
    0x080001c0   0x00000024   Code   RO            4    .text               startup_stm32f429xx.o
    0x080001e4   0x00000062   Code   RO         5095    .text               mc_w.l(uldiv.o)
    0x08000246   0x00000040   Code   RO         5127    .text               mc_w.l(memmovea.o)
    0x08000286   0x00000024   Code   RO         5129    .text               mc_w.l(memseta.o)
    0x080002aa   0x0000001a   Code   RO         5135    .text               mc_w.l(memcmp.o)
    0x080002c4   0x0000001e   Code   RO         5451    .text               mc_w.l(llshl.o)
    0x080002e2   0x00000020   Code   RO         5453    .text               mc_w.l(llushr.o)
    0x08000302   0x00000002   PAD
    0x08000304   0x00000024   Code   RO         5477    .text               mc_w.l(init.o)
    0x08000328   0x00000004   Code   RO          302    i.BusFault_Handler  stm32f4xx_it.o
    0x0800032c   0x00000002   Code   RO          303    i.DebugMon_Handler  stm32f4xx_it.o
    0x0800032e   0x00000016   Code   RO         3396    i.ETH_DMAReceptionEnable  stm32f4xx_hal_eth.o
    0x08000344   0x00000016   Code   RO         3398    i.ETH_DMATransmissionEnable  stm32f4xx_hal_eth.o
    0x0800035a   0x00000002   PAD
    0x0800035c   0x00000028   Code   RO         3399    i.ETH_Delay         stm32f4xx_hal_eth.o
    0x08000384   0x00000038   Code   RO         3400    i.ETH_FlushTransmitFIFO  stm32f4xx_hal_eth.o
    0x080003bc   0x00000034   Code   RO         3401    i.ETH_MACAddressConfig  stm32f4xx_hal_eth.o
    0x080003f0   0x00000244   Code   RO         3402    i.ETH_MACDMAConfig  stm32f4xx_hal_eth.o
    0x08000634   0x00000028   Code   RO         3404    i.ETH_MACReceptionEnable  stm32f4xx_hal_eth.o
    0x0800065c   0x00000028   Code   RO         3406    i.ETH_MACTransmissionEnable  stm32f4xx_hal_eth.o
    0x08000684   0x00000002   Code   RO           13    i.Error_Handler     main.o
    0x08000686   0x00000002   PAD
    0x08000688   0x00000028   Code   RO         2932    i.HAL_Delay         stm32f4xx_hal.o
    0x080006b0   0x0000008c   Code   RO         3409    i.HAL_ETH_DMARxDescListInit  stm32f4xx_hal_eth.o
    0x0800073c   0x00000084   Code   RO         3410    i.HAL_ETH_DMATxDescListInit  stm32f4xx_hal_eth.o
    0x080007c0   0x000000b2   Code   RO         3413    i.HAL_ETH_GetReceivedFrame  stm32f4xx_hal_eth.o
    0x08000872   0x00000002   PAD
    0x08000874   0x000002a0   Code   RO         3417    i.HAL_ETH_Init      stm32f4xx_hal_eth.o
    0x08000b14   0x0000015c   Code   RO         2835    i.HAL_ETH_MspInit   ethernetif.o
    0x08000c70   0x00000092   Code   RO         3420    i.HAL_ETH_ReadPHYRegister  stm32f4xx_hal_eth.o
    0x08000d02   0x00000052   Code   RO         3422    i.HAL_ETH_Start     stm32f4xx_hal_eth.o
    0x08000d54   0x0000013e   Code   RO         3424    i.HAL_ETH_TransmitFrame  stm32f4xx_hal_eth.o
    0x08000e92   0x00000090   Code   RO         3426    i.HAL_ETH_WritePHYRegister  stm32f4xx_hal_eth.o
    0x08000f22   0x00000002   PAD
    0x08000f24   0x0000021c   Code   RO         3882    i.HAL_GPIO_Init     stm32f4xx_hal_gpio.o
    0x08001140   0x0000000c   Code   RO         3886    i.HAL_GPIO_WritePin  stm32f4xx_hal_gpio.o
    0x0800114c   0x0000000c   Code   RO         2940    i.HAL_GetTick       stm32f4xx_hal.o
    0x08001158   0x00000018   Code   RO         2944    i.HAL_IncTick       stm32f4xx_hal.o
    0x08001170   0x0000003c   Code   RO         2945    i.HAL_Init          stm32f4xx_hal.o
    0x080011ac   0x0000004c   Code   RO         2946    i.HAL_InitTick      stm32f4xx_hal.o
    0x080011f8   0x00000048   Code   RO          377    i.HAL_MspInit       stm32f4xx_hal_msp.o
    0x08001240   0x0000007c   Code   RO         3119    i.HAL_NVIC_SetPriority  stm32f4xx_hal_cortex.o
    0x080012bc   0x00000028   Code   RO         3120    i.HAL_NVIC_SetPriorityGrouping  stm32f4xx_hal_cortex.o
    0x080012e4   0x0000008c   Code   RO         4071    i.HAL_PWREx_EnableOverDrive  stm32f4xx_hal_pwr_ex.o
    0x08001370   0x00000180   Code   RO         4138    i.HAL_RCC_ClockConfig  stm32f4xx_hal_rcc.o
    0x080014f0   0x0000000c   Code   RO         4143    i.HAL_RCC_GetHCLKFreq  stm32f4xx_hal_rcc.o
    0x080014fc   0x00000020   Code   RO         4145    i.HAL_RCC_GetPCLK1Freq  stm32f4xx_hal_rcc.o
    0x0800151c   0x00000020   Code   RO         4146    i.HAL_RCC_GetPCLK2Freq  stm32f4xx_hal_rcc.o
    0x0800153c   0x000000b0   Code   RO         4147    i.HAL_RCC_GetSysClockFreq  stm32f4xx_hal_rcc.o
    0x080015ec   0x00000448   Code   RO         4150    i.HAL_RCC_OscConfig  stm32f4xx_hal_rcc.o
    0x08001a34   0x00000034   Code   RO         3124    i.HAL_SYSTICK_Config  stm32f4xx_hal_cortex.o
    0x08001a68   0x00000072   Code   RO         4366    i.HAL_UART_Init     stm32f4xx_hal_uart.o
    0x08001ada   0x00000002   PAD
    0x08001adc   0x00000094   Code   RO          624    i.HAL_UART_MspInit  bsp_uart.o
    0x08001b70   0x000000d6   Code   RO         4374    i.HAL_UART_Transmit  stm32f4xx_hal_uart.o
    0x08001c46   0x00000004   Code   RO          304    i.HardFault_Handler  stm32f4xx_it.o
    0x08001c4a   0x00000002   PAD
    0x08001c4c   0x000000a0   Code   RO           14    i.MX_GPIO_Init      main.o
    0x08001cec   0x00000004   Code   RO          305    i.MemManage_Handler  stm32f4xx_it.o
    0x08001cf0   0x00000002   Code   RO          306    i.NMI_Handler       stm32f4xx_it.o
    0x08001cf2   0x00000002   PAD
    0x08001cf4   0x00000010   Code   RO         3126    i.NVIC_GetPriorityGrouping  stm32f4xx_hal_cortex.o
    0x08001d04   0x00000028   Code   RO         3127    i.NVIC_SetPriority  stm32f4xx_hal_cortex.o
    0x08001d2c   0x00000002   Code   RO          307    i.PendSV_Handler    stm32f4xx_it.o
    0x08001d2e   0x00000002   Code   RO          308    i.SVC_Handler       stm32f4xx_it.o
    0x08001d30   0x00000008   Code   RO          309    i.SysTick_Handler   stm32f4xx_it.o
    0x08001d38   0x000000c0   Code   RO           15    i.SystemClock_Config  main.o
    0x08001df8   0x00000064   Code   RO         5059    i.SystemInit        system_stm32f4xx.o
    0x08001e5c   0x00000368   Code   RO         4393    i.UART_SetConfig    stm32f4xx_hal_uart.o
    0x080021c4   0x0000006c   Code   RO         4395    i.UART_WaitOnFlagUntilTimeout  stm32f4xx_hal_uart.o
    0x08002230   0x00000004   Code   RO          310    i.UsageFault_Handler  stm32f4xx_it.o
    0x08002234   0x00000020   Code   RO         5276    i.__0printf$5       mc_w.l(printf5.o)
    0x08002254   0x0000000e   Code   RO         5489    i.__scatterload_copy  mc_w.l(handlers.o)
    0x08002262   0x00000002   Code   RO         5490    i.__scatterload_null  mc_w.l(handlers.o)
    0x08002264   0x0000000e   Code   RO         5491    i.__scatterload_zeroinit  mc_w.l(handlers.o)
    0x08002272   0x00000002   PAD
    0x08002274   0x000002c0   Code   RO         5283    i._printf_core      mc_w.l(printf5.o)
    0x08002534   0x000000b0   Code   RO         2285    i.dhcp_arp_reply    dhcp.o
    0x080025e4   0x000001d4   Code   RO         2286    i.dhcp_bind         dhcp.o
    0x080027b8   0x0000004c   Code   RO         2287    i.dhcp_check        dhcp.o
    0x08002804   0x00000078   Code   RO         2289    i.dhcp_coarse_tmr   dhcp.o
    0x0800287c   0x00000224   Code   RO         2290    i.dhcp_create_msg   dhcp.o
    0x08002aa0   0x000000c4   Code   RO         2291    i.dhcp_dec_pcb_refcount  dhcp.o
    0x08002b64   0x000000c0   Code   RO         2292    i.dhcp_decline      dhcp.o
    0x08002c24   0x0000011c   Code   RO         2293    i.dhcp_discover     dhcp.o
    0x08002d40   0x0000003c   Code   RO         2294    i.dhcp_fine_tmr     dhcp.o
    0x08002d7c   0x00000080   Code   RO         2295    i.dhcp_handle_ack   dhcp.o
    0x08002dfc   0x0000002c   Code   RO         2296    i.dhcp_handle_nak   dhcp.o
    0x08002e28   0x00000044   Code   RO         2297    i.dhcp_handle_offer  dhcp.o
    0x08002e6c   0x0000010c   Code   RO         2298    i.dhcp_inc_pcb_refcount  dhcp.o
    0x08002f78   0x0000009c   Code   RO         2301    i.dhcp_option       dhcp.o
    0x08003014   0x000000c0   Code   RO         2302    i.dhcp_option_byte  dhcp.o
    0x080030d4   0x000000e8   Code   RO         2303    i.dhcp_option_long  dhcp.o
    0x080031bc   0x000000d0   Code   RO         2304    i.dhcp_option_short  dhcp.o
    0x0800328c   0x0000003a   Code   RO         2305    i.dhcp_option_trailer  dhcp.o
    0x080032c6   0x00000002   PAD
    0x080032c8   0x00000528   Code   RO         2306    i.dhcp_parse_reply  dhcp.o
    0x080037f0   0x00000104   Code   RO         2307    i.dhcp_rebind       dhcp.o
    0x080038f4   0x00000128   Code   RO         2308    i.dhcp_reboot       dhcp.o
    0x08003a1c   0x0000015c   Code   RO         2309    i.dhcp_recv         dhcp.o
    0x08003b78   0x000000d8   Code   RO         2311    i.dhcp_release_and_stop  dhcp.o
    0x08003c50   0x00000100   Code   RO         2312    i.dhcp_renew        dhcp.o
    0x08003d50   0x00000234   Code   RO         2313    i.dhcp_select       dhcp.o
    0x08003f84   0x00000010   Code   RO         2314    i.dhcp_set_state    dhcp.o
    0x08003f94   0x00000168   Code   RO         2316    i.dhcp_start        dhcp.o
    0x080040fc   0x0000000c   Code   RO         2317    i.dhcp_stop         dhcp.o
    0x08004108   0x00000028   Code   RO         2318    i.dhcp_supplied_address  dhcp.o
    0x08004130   0x0000004a   Code   RO         2319    i.dhcp_t1_timeout   dhcp.o
    0x0800417a   0x00000050   Code   RO         2320    i.dhcp_t2_timeout   dhcp.o
    0x080041ca   0x00000088   Code   RO         2321    i.dhcp_timeout      dhcp.o
    0x08004252   0x00000002   PAD
    0x08004254   0x000000a8   Code   RO         1065    i.do_memp_free_pool  memp.o
    0x080042fc   0x000000b4   Code   RO         1066    i.do_memp_malloc_pool  memp.o
    0x080043b0   0x00000038   Code   RO         2500    i.etharp_cleanup_netif  etharp.o
    0x080043e8   0x00000310   Code   RO         2502    i.etharp_find_entry  etharp.o
    0x080046f8   0x00000078   Code   RO         2503    i.etharp_free_entry  etharp.o
    0x08004770   0x00000154   Code   RO         2505    i.etharp_input      etharp.o
    0x080048c4   0x00000218   Code   RO         2506    i.etharp_output     etharp.o
    0x08004adc   0x00000160   Code   RO         2507    i.etharp_output_to_arp_index  etharp.o
    0x08004c3c   0x000002b4   Code   RO         2508    i.etharp_query      etharp.o
    0x08004ef0   0x00000188   Code   RO         2509    i.etharp_raw        etharp.o
    0x08005078   0x0000001c   Code   RO         2510    i.etharp_request    etharp.o
    0x08005094   0x0000002c   Code   RO         2511    i.etharp_request_dst  etharp.o
    0x080050c0   0x000000e4   Code   RO         2512    i.etharp_tmr        etharp.o
    0x080051a4   0x00000160   Code   RO         2513    i.etharp_update_arp_entry  etharp.o
    0x08005304   0x000000d8   Code   RO         2804    i.ethernet_input    ethernet.o
    0x080053dc   0x00000104   Code   RO         2805    i.ethernet_output   ethernet.o
    0x080054e0   0x000000a8   Code   RO         2836    i.ethernetif_init   ethernetif.o
    0x08005588   0x0000002c   Code   RO         2837    i.ethernetif_input  ethernetif.o
    0x080055b4   0x0000001c   Code   RO          625    i.fputc             bsp_uart.o
    0x080055d0   0x00000012   Code   RO         2591    i.icmp_dest_unreach  icmp.o
    0x080055e2   0x00000002   PAD
    0x080055e4   0x000002bc   Code   RO         2592    i.icmp_input        icmp.o
    0x080058a0   0x0000012c   Code   RO         2593    i.icmp_send_response  icmp.o
    0x080059cc   0x00000012   Code   RO         2594    i.icmp_time_exceeded  icmp.o
    0x080059de   0x00000056   Code   RO          837    i.inet_chksum_pbuf  inet_chksum.o
    0x08005a34   0x0000004e   Code   RO         2676    i.ip4_addr_isbroadcast_u32  ip4_addr.o
    0x08005a82   0x00000002   PAD
    0x08005a84   0x000002c4   Code   RO         2735    i.ip4_frag          ip4_frag.o
    0x08005d48   0x00000208   Code   RO         2633    i.ip4_input         ip4.o
    0x08005f50   0x0000003c   Code   RO         2634    i.ip4_input_accept  ip4.o
    0x08005f8c   0x00000036   Code   RO         2636    i.ip4_output_if     ip4.o
    0x08005fc2   0x00000002   PAD
    0x08005fc4   0x000001a8   Code   RO         2637    i.ip4_output_if_src  ip4.o
    0x0800616c   0x0000030c   Code   RO         2736    i.ip4_reass         ip4_frag.o
    0x08006478   0x00000098   Code   RO         2638    i.ip4_route         ip4.o
    0x08006510   0x00000014   Code   RO         2679    i.ip4addr_ntoa      ip4_addr.o
    0x08006524   0x000000a8   Code   RO         2680    i.ip4addr_ntoa_r    ip4_addr.o
    0x080065cc   0x0000000a   Code   RO         2737    i.ip_frag_alloc_pbuf_custom_ref  ip4_frag.o
    0x080065d6   0x00000002   PAD
    0x080065d8   0x00000090   Code   RO         2738    i.ip_frag_free_pbuf_custom_ref  ip4_frag.o
    0x08006668   0x000002f8   Code   RO         2739    i.ip_reass_chain_frag_into_datagram_and_validate  ip4_frag.o
    0x08006960   0x000000bc   Code   RO         2740    i.ip_reass_dequeue_datagram  ip4_frag.o
    0x08006a1c   0x00000058   Code   RO         2741    i.ip_reass_enqueue_new_datagram  ip4_frag.o
    0x08006a74   0x000001d8   Code   RO         2742    i.ip_reass_free_complete_datagram  ip4_frag.o
    0x08006c4c   0x00000088   Code   RO         2743    i.ip_reass_remove_oldest_datagram  ip4_frag.o
    0x08006cd4   0x0000003c   Code   RO         2744    i.ip_reass_tmr      ip4_frag.o
    0x08006d10   0x000000c0   Code   RO         2745    i.ipfrag_free_pbuf_custom  ip4_frag.o
    0x08006dd0   0x000000e4   Code   RO         2840    i.low_level_init    ethernetif.o
    0x08006eb4   0x00000104   Code   RO         2841    i.low_level_input   ethernetif.o
    0x08006fb8   0x000000e8   Code   RO         2842    i.low_level_output  ethernetif.o
    0x080070a0   0x00000034   Code   RO          404    i.lwip_Process      lwipdemo.o
    0x080070d4   0x00000050   Code   RO         2085    i.lwip_cyclic_timer  timeouts.o
    0x08007124   0x0000020c   Code   RO          405    i.lwip_dhcp_process_handle  lwipdemo.o
    0x08007330   0x0000001a   Code   RO          788    i.lwip_htonl        def.o
    0x0800734a   0x0000000c   Code   RO          789    i.lwip_htons        def.o
    0x08007356   0x00000002   PAD
    0x08007358   0x00000098   Code   RO          904    i.lwip_init         init.o
    0x080073f0   0x00000064   Code   RO          406    i.lwip_init_task    lwipdemo.o
    0x08007454   0x0000005e   Code   RO          844    i.lwip_standard_chksum  inet_chksum.o
    0x080074b2   0x00000002   PAD
    0x080074b4   0x000000c4   Code   RO           16    i.main              main.o
    0x08007578   0x000001d0   Code   RO          996    i.mem_free          mem.o
    0x08007748   0x0000005c   Code   RO          997    i.mem_init          mem.o
    0x080077a4   0x00000058   Code   RO          998    i.mem_link_valid    mem.o
    0x080077fc   0x000002a4   Code   RO          999    i.mem_malloc        mem.o
    0x08007aa0   0x00000010   Code   RO         1000    i.mem_to_ptr        mem.o
    0x08007ab0   0x00000230   Code   RO         1001    i.mem_trim          mem.o
    0x08007ce0   0x000000ac   Code   RO         1067    i.memp_free         memp.o
    0x08007d8c   0x00000020   Code   RO         1069    i.memp_init         memp.o
    0x08007dac   0x0000002c   Code   RO         1070    i.memp_init_pool    memp.o
    0x08007dd8   0x000000ac   Code   RO         1071    i.memp_malloc       memp.o
    0x08007e84   0x00000248   Code   RO         1159    i.netif_add         netif.o
    0x080080cc   0x00000018   Code   RO         1161    i.netif_do_ip_addr_changed  netif.o
    0x080080e4   0x0000002a   Code   RO         1162    i.netif_do_set_gw   netif.o
    0x0800810e   0x00000002   PAD
    0x08008110   0x000000dc   Code   RO         1163    i.netif_do_set_ipaddr  netif.o
    0x080081ec   0x0000002a   Code   RO         1164    i.netif_do_set_netmask  netif.o
    0x08008216   0x00000002   PAD
    0x08008218   0x00000028   Code   RO         1166    i.netif_get_by_index  netif.o
    0x08008240   0x00000002   Code   RO         1168    i.netif_init        netif.o
    0x08008242   0x00000002   PAD
    0x08008244   0x000000d0   Code   RO         1170    i.netif_issue_reports  netif.o
    0x08008314   0x00000008   Code   RO         1172    i.netif_null_output_ip4  netif.o
    0x0800831c   0x00000060   Code   RO         1174    i.netif_set_addr    netif.o
    0x0800837c   0x00000010   Code   RO         1175    i.netif_set_default  netif.o
    0x0800838c   0x000000c4   Code   RO         1176    i.netif_set_down    netif.o
    0x08008450   0x000000b8   Code   RO         1183    i.netif_set_up      netif.o
    0x08008508   0x00000012   Code   RO         1335    i.pbuf_add_header   pbuf.o
    0x0800851a   0x00000002   PAD
    0x0800851c   0x000000ec   Code   RO         1337    i.pbuf_add_header_impl  pbuf.o
    0x08008608   0x0000029c   Code   RO         1338    i.pbuf_alloc        pbuf.o
    0x080088a4   0x000000bc   Code   RO         1339    i.pbuf_alloc_reference  pbuf.o
    0x08008960   0x0000005a   Code   RO         1340    i.pbuf_alloced_custom  pbuf.o
    0x080089ba   0x00000002   PAD
    0x080089bc   0x0000014c   Code   RO         1341    i.pbuf_cat          pbuf.o
    0x08008b08   0x0000001a   Code   RO         1342    i.pbuf_chain        pbuf.o
    0x08008b22   0x00000012   Code   RO         1343    i.pbuf_clen         pbuf.o
    0x08008b34   0x000000ac   Code   RO         1344    i.pbuf_clone        pbuf.o
    0x08008be0   0x0000022c   Code   RO         1346    i.pbuf_copy         pbuf.o
    0x08008e0c   0x0000013c   Code   RO         1347    i.pbuf_copy_partial  pbuf.o
    0x08008f48   0x000001a4   Code   RO         1349    i.pbuf_free         pbuf.o
    0x080090ec   0x00000012   Code   RO         1354    i.pbuf_header_force  pbuf.o
    0x080090fe   0x00000022   Code   RO         1355    i.pbuf_header_impl  pbuf.o
    0x08009120   0x0000001e   Code   RO         1356    i.pbuf_init_alloced_pbuf  pbuf.o
    0x0800913e   0x00000002   PAD
    0x08009140   0x00000160   Code   RO         1360    i.pbuf_realloc      pbuf.o
    0x080092a0   0x00000098   Code   RO         1361    i.pbuf_ref          pbuf.o
    0x08009338   0x000000f4   Code   RO         1362    i.pbuf_remove_header  pbuf.o
    0x0800942c   0x000001d0   Code   RO         1002    i.plug_holes        mem.o
    0x080095fc   0x00000010   Code   RO         1003    i.ptr_to_mem        mem.o
    0x0800960c   0x00000054   Code   RO         2086    i.sys_check_timeouts  timeouts.o
    0x08009660   0x00000008   Code   RO         2844    i.sys_now           ethernetif.o
    0x08009668   0x000000cc   Code   RO         2088    i.sys_timeout       timeouts.o
    0x08009734   0x0000013c   Code   RO         2089    i.sys_timeout_abs   timeouts.o
    0x08009870   0x00000028   Code   RO         2090    i.sys_timeouts_init  timeouts.o
    0x08009898   0x000001c4   Code   RO         1559    i.tcp_abandon       tcp.o
    0x08009a5c   0x0000000e   Code   RO         1560    i.tcp_abort         tcp.o
    0x08009a6a   0x00000002   PAD
    0x08009a6c   0x000000cc   Code   RO         1563    i.tcp_alloc         tcp.o
    0x08009b38   0x000000ac   Code   RO         1567    i.tcp_close         tcp.o
    0x08009be4   0x00000204   Code   RO         1568    i.tcp_close_shutdown  tcp.o
    0x08009de8   0x000000e0   Code   RO         1569    i.tcp_close_shutdown_fin  tcp.o
    0x08009ec8   0x000001d8   Code   RO         1937    i.tcp_create_segment  tcp_out.o
    0x0800a0a0   0x000000cc   Code   RO         1572    i.tcp_eff_send_mss_netif  tcp.o
    0x0800a16c   0x000002c8   Code   RO         1938    i.tcp_enqueue_flags  tcp_out.o
    0x0800a434   0x000000a4   Code   RO         1574    i.tcp_fasttmr       tcp.o
    0x0800a4d8   0x0000008c   Code   RO         1575    i.tcp_free          tcp.o
    0x0800a564   0x00000164   Code   RO         1865    i.tcp_free_acked_segments  tcp_in.o
    0x0800a6c8   0x00000094   Code   RO         1576    i.tcp_free_listen   tcp.o
    0x0800a75c   0x00000048   Code   RO         1866    i.tcp_get_next_optbyte  tcp_in.o
    0x0800a7a4   0x00000038   Code   RO         1577    i.tcp_handle_closepend  tcp.o
    0x0800a7dc   0x00000002   Code   RO         1578    i.tcp_init          tcp.o
    0x0800a7de   0x00000002   PAD
    0x0800a7e0   0x0000082c   Code   RO         1867    i.tcp_input         tcp_in.o
    0x0800b00c   0x000000e0   Code   RO         1868    i.tcp_input_delayed_close  tcp_in.o
    0x0800b0ec   0x000000ec   Code   RO         1939    i.tcp_keepalive     tcp_out.o
    0x0800b1d8   0x0000006c   Code   RO         1579    i.tcp_kill_prio     tcp.o
    0x0800b244   0x000000cc   Code   RO         1580    i.tcp_kill_state    tcp.o
    0x0800b310   0x00000040   Code   RO         1581    i.tcp_kill_timewait  tcp.o
    0x0800b350   0x000000cc   Code   RO         1582    i.tcp_listen_closed  tcp.o
    0x0800b41c   0x000001f8   Code   RO         1869    i.tcp_listen_input  tcp_in.o
    0x0800b614   0x0000004c   Code   RO         1585    i.tcp_netif_ip_addr_changed  tcp.o
    0x0800b660   0x000000cc   Code   RO         1586    i.tcp_netif_ip_addr_changed_pcblist  tcp.o
    0x0800b72c   0x000000a4   Code   RO         1590    i.tcp_next_iss      tcp.o
    0x0800b7d0   0x0000036c   Code   RO         1940    i.tcp_output        tcp_out.o
    0x0800bb3c   0x000000d4   Code   RO         1941    i.tcp_output_alloc_header  tcp_out.o
    0x0800bc10   0x0000011c   Code   RO         1942    i.tcp_output_alloc_header_common  tcp_out.o
    0x0800bd2c   0x000000f4   Code   RO         1943    i.tcp_output_control_segment  tcp_out.o
    0x0800be20   0x0000011c   Code   RO         1944    i.tcp_output_fill_options  tcp_out.o
    0x0800bf3c   0x00000250   Code   RO         1945    i.tcp_output_segment  tcp_out.o
    0x0800c18c   0x000000ac   Code   RO         1946    i.tcp_output_segment_busy  tcp_out.o
    0x0800c238   0x00000140   Code   RO         1870    i.tcp_parseopt      tcp_in.o
    0x0800c378   0x000000e4   Code   RO         1591    i.tcp_pcb_purge     tcp.o
    0x0800c45c   0x0000019c   Code   RO         1592    i.tcp_pcb_remove    tcp.o
    0x0800c5f8   0x00000768   Code   RO         1871    i.tcp_process       tcp_in.o
    0x0800cd60   0x00000138   Code   RO         1594    i.tcp_process_refused_data  tcp.o
    0x0800ce98   0x000007ec   Code   RO         1872    i.tcp_receive       tcp_in.o
    0x0800d684   0x000000bc   Code   RO         1596    i.tcp_recv_null     tcp.o
    0x0800d740   0x0000011c   Code   RO         1597    i.tcp_recved        tcp.o
    0x0800d85c   0x000000ac   Code   RO         1598    i.tcp_remove_listener  tcp.o
    0x0800d908   0x00000100   Code   RO         1948    i.tcp_rexmit        tcp_out.o
    0x0800da08   0x0000010c   Code   RO         1949    i.tcp_rexmit_fast   tcp_out.o
    0x0800db14   0x000000a0   Code   RO         1950    i.tcp_rexmit_rto    tcp_out.o
    0x0800dbb4   0x000000b0   Code   RO         1951    i.tcp_rexmit_rto_commit  tcp_out.o
    0x0800dc64   0x00000120   Code   RO         1952    i.tcp_rexmit_rto_prepare  tcp_out.o
    0x0800dd84   0x0000001e   Code   RO         1953    i.tcp_route         tcp_out.o
    0x0800dda2   0x00000002   PAD
    0x0800dda4   0x00000128   Code   RO         1954    i.tcp_rst           tcp_out.o
    0x0800decc   0x0000001a   Code   RO         1599    i.tcp_seg_free      tcp.o
    0x0800dee6   0x00000018   Code   RO         1600    i.tcp_segs_free     tcp.o
    0x0800defe   0x00000002   PAD
    0x0800df00   0x00000140   Code   RO         1955    i.tcp_send_empty_ack  tcp_out.o
    0x0800e040   0x000000d8   Code   RO         1956    i.tcp_send_fin      tcp_out.o
    0x0800e118   0x00000738   Code   RO         1604    i.tcp_slowtmr       tcp.o
    0x0800e850   0x000002dc   Code   RO         1957    i.tcp_split_unsent_seg  tcp_out.o
    0x0800eb2c   0x00000038   Code   RO         2093    i.tcp_timer_needed  timeouts.o
    0x0800eb64   0x0000013c   Code   RO         1873    i.tcp_timewait_input  tcp_in.o
    0x0800eca0   0x00000024   Code   RO         1606    i.tcp_tmr           tcp.o
    0x0800ecc4   0x00000014   Code   RO         1874    i.tcp_trigger_input_pcb_close  tcp_in.o
    0x0800ecd8   0x00000110   Code   RO         1608    i.tcp_update_rcv_ann_wnd  tcp.o
    0x0800ede8   0x00000180   Code   RO         1960    i.tcp_zero_window_probe  tcp_out.o
    0x0800ef68   0x00000038   Code   RO         2094    i.tcpip_tcp_timer   timeouts.o
    0x0800efa0   0x00000034   Code   RO          626    i.uart_init         bsp_uart.o
    0x0800efd4   0x0000013c   Code   RO         2161    i.udp_bind          udp.o
    0x0800f110   0x00000138   Code   RO         2163    i.udp_connect       udp.o
    0x0800f248   0x000000a4   Code   RO         2164    i.udp_disconnect    udp.o
    0x0800f2ec   0x00000002   Code   RO         2165    i.udp_init          udp.o
    0x0800f2ee   0x00000002   PAD
    0x0800f2f0   0x00000278   Code   RO         2166    i.udp_input         udp.o
    0x0800f568   0x00000130   Code   RO         2167    i.udp_input_local_match  udp.o
    0x0800f698   0x00000030   Code   RO         2168    i.udp_netif_ip_addr_changed  udp.o
    0x0800f6c8   0x0000001c   Code   RO         2169    i.udp_new           udp.o
    0x0800f6e4   0x00000058   Code   RO         2171    i.udp_new_port      udp.o
    0x0800f73c   0x00000094   Code   RO         2172    i.udp_recv          udp.o
    0x0800f7d0   0x000000c8   Code   RO         2173    i.udp_remove        udp.o
    0x0800f898   0x00000148   Code   RO         2175    i.udp_sendto        udp.o
    0x0800f9e0   0x00000190   Code   RO         2176    i.udp_sendto_if     udp.o
    0x0800fb70   0x000002cc   Code   RO         2177    i.udp_sendto_if_src  udp.o
    0x0800fe3c   0x00000068   Code   RO          588    i.udp_server_init   udp_server.o
    0x0800fea4   0x000000b8   Code   RO          589    i.udp_server_recv   udp_server.o
    0x0800ff5c   0x00000005   Data   RO           17    .constdata          main.o
    0x0800ff61   0x00000003   PAD
    0x0800ff64   0x000000b4   Data   RO         1074    .constdata          memp.o
    0x08010018   0x00000050   Data   RO         1609    .constdata          tcp.o
    0x08010068   0x0000002c   Data   RO         2095    .constdata          timeouts.o
    0x08010094   0x00000008   Data   RO         2683    .constdata          ip4_addr.o
    0x0801009c   0x0000000c   Data   RO         2806    .constdata          ethernet.o
    0x080100a8   0x00000018   Data   RO         5060    .constdata          system_stm32f4xx.o
    0x080100c0   0x00000041   Data   RO          905    .conststring        init.o
    0x08010101   0x00000003   PAD
    0x08010104   0x00000068   Data   RO         1075    .conststring        memp.o
    0x0801016c   0x0000006d   Data   RO         1610    .conststring        tcp.o
    0x080101d9   0x00000003   PAD
    0x080101dc   0x00000055   Data   RO         1961    .conststring        tcp_out.o
    0x08010231   0x00000003   PAD
    0x08010234   0x00000042   Data   RO         2323    .conststring        dhcp.o
    0x08010276   0x00000002   PAD
    0x08010278   0x00000041   Data   RO         2515    .conststring        etharp.o
    0x080102b9   0x00000003   PAD
    0x080102bc   0x00000020   Data   RO         5487    Region$$Table       anon$$obj.o


    Execution Region RW_IRAM1 (Base: 0x20000000, Size: 0x000089b8, Max: 0x00030000, ABSOLUTE)

    Base Addr    Size         Type   Attr      Idx    E Section Name        Object

    0x20000000   0x00000001   Data   RW          408    .data               lwipdemo.o
    0x20000001   0x00000003   PAD
    0x20000004   0x0000000c   Data   RW         1005    .data               mem.o
    0x20000010   0x00000024   Data   RW         1076    .data               memp.o
    0x20000034   0x00000009   Data   RW         1184    .data               netif.o
    0x2000003d   0x00000003   PAD
    0x20000040   0x00000020   Data   RW         1611    .data               tcp.o
    0x20000060   0x00000028   Data   RW         1876    .data               tcp_in.o
    0x20000088   0x0000000c   Data   RW         2096    .data               timeouts.o
    0x20000094   0x00000008   Data   RW         2178    .data               udp.o
    0x2000009c   0x00000018   Data   RW         2324    .data               dhcp.o
    0x200000b4   0x00000001   Data   RW         2516    .data               etharp.o
    0x200000b5   0x00000001   PAD
    0x200000b6   0x00000002   Data   RW         2639    .data               ip4.o
    0x200000b8   0x00000006   Data   RW         2746    .data               ip4_frag.o
    0x200000be   0x00000002   PAD
    0x200000c0   0x00000009   Data   RW         2952    .data               stm32f4xx_hal.o
    0x200000c9   0x00000003   PAD
    0x200000cc   0x00000004   Data   RW         5061    .data               system_stm32f4xx.o
    0x200000d0   0x00000004   Data   RW         5448    .data               mc_w.l(stdout.o)
    0x200000d4   0x00000038   Zero   RW          407    .bss                lwipdemo.o
    0x2000010c   0x00000040   Zero   RW          627    .bss                bsp_uart.o
    0x2000014c   0x00000018   Zero   RW          976    .bss                ip.o
    0x20000164   0x00002813   Zero   RW         1004    .bss                mem.o
    0x20002977   0x00002a23   Zero   RW         1073    .bss                memp.o
    0x2000539a   0x00000002   PAD
    0x2000539c   0x00000014   Zero   RW         1875    .bss                tcp_in.o
    0x200053b0   0x00000020   Zero   RW         2322    .bss                dhcp.o
    0x200053d0   0x000000f0   Zero   RW         2514    .bss                etharp.o
    0x200054c0   0x00000010   Zero   RW         2682    .bss                ip4_addr.o
    0x200054d0   0x000030e8   Zero   RW         2845    .bss                ethernetif.o
    0x200085b8   0x00000400   Zero   RW            1    STACK               startup_stm32f429xx.o


==============================================================================

Image component sizes


      Code (inc. data)   RO Data    RW Data    ZI Data      Debug   Object Name

         0          0          0          0          0       2048   api_lib.o
       228         26          0          0         64       2279   bsp_uart.o
        38          0          0          0          0       1050   def.o
      7452       1956         66         24         32      28689   dhcp.o
      3924       1148         65          1        240      11539   etharp.o
       476        146         12          0          0       2574   ethernet.o
      1288        174          0          0      12520       6378   ethernetif.o
      1036        334          0          0          0       4566   icmp.o
       180          0          0          0          0       9898   inet_chksum.o
       152         88         65          0          0       2716   init.o
         0          0          0          0         24       7817   ip.o
      1210        178          0          2          0       5588   ip4.o
       266          4          8          0         16      10338   ip4_addr.o
      3538       1138          0          6          0      11934   ip4_frag.o
       676        316          0          1         56       8562   lwipdemo.o
       550        120          5          0          0     776136   main.o
      2376        938          0         12      10259       7857   mem.o
       768        484        284         36      10787       9906   memp.o
      1662        702          0          9          0      13750   netif.o
      3870       1736          0          0          0      14416   pbuf.o
        36          8        428          0       1024        952   startup_stm32f429xx.o
       212         36          0          9          0       4505   stm32f4xx_hal.o
       272         22          0          0          0      30150   stm32f4xx_hal_cortex.o
      2664         52          0          0          0      12907   stm32f4xx_hal_eth.o
       552         54          0          0          0       2288   stm32f4xx_hal_gpio.o
        72          4          0          0          0        822   stm32f4xx_hal_msp.o
       140         12          0          0          0       1272   stm32f4xx_hal_pwr_ex.o
      1732         84          0          0          0       5464   stm32f4xx_hal_rcc.o
      1308          8          0          0          0       3596   stm32f4xx_hal_uart.o
        32          0          0          0          0       4054   stm32f4xx_it.o
       100         18         24          4          0       1375   system_stm32f4xx.o
      7122       2930        189         32          0      31988   tcp.o
      7828       1940          0         40         20      20843   tcp_in.o
      7210       2902         85          0          0      28154   tcp_out.o
       836        366         44         12          0       6434   timeouts.o
      3686       1586          0          8          0      13007   udp.o
       288        104          0          0          0       7274   udp_server.o

    ----------------------------------------------------------------------
     63832      19614       1324        208      35044    1113126   Object Totals
         0          0         32          0          0          0   (incl. Generated)
        52          0         17         12          2          0   (incl. Padding)

    ----------------------------------------------------------------------

      Code (inc. data)   RO Data    RW Data    ZI Data      Debug   Library Member Name

         0          0          0          0          0          0   entry.o
         0          0          0          0          0          0   entry10a.o
         0          0          0          0          0          0   entry11a.o
         8          4          0          0          0          0   entry2.o
         4          0          0          0          0          0   entry5.o
         0          0          0          0          0          0   entry7b.o
         0          0          0          0          0          0   entry8b.o
         8          4          0          0          0          0   entry9a.o
        30          0          0          0          0          0   handlers.o
        36          8          0          0          0         68   init.o
        30          0          0          0          0         68   llshl.o
        32          0          0          0          0         68   llushr.o
        26          0          0          0          0         80   memcmp.o
        64          0          0          0          0         76   memmovea.o
        36          0          0          0          0        108   memseta.o
       736         56          0          0          0        184   printf5.o
         0          0          0          4          0          0   stdout.o
        98          0          0          0          0         92   uldiv.o

    ----------------------------------------------------------------------
      1112         72          0          4          0        744   Library Totals
         4          0          0          0          0          0   (incl. Padding)

    ----------------------------------------------------------------------

      Code (inc. data)   RO Data    RW Data    ZI Data      Debug   Library Name

      1108         72          0          4          0        744   mc_w.l

    ----------------------------------------------------------------------
      1112         72          0          4          0        744   Library Totals

    ----------------------------------------------------------------------

==============================================================================


      Code (inc. data)   RO Data    RW Data    ZI Data      Debug   

     64944      19686       1324        212      35044    1087462   Grand Totals
     64944      19686       1324        212      35044    1087462   ELF Image Totals
     64944      19686       1324        212          0          0   ROM Totals

==============================================================================

    Total RO  Size (Code + RO Data)                66268 (  64.71kB)
    Total RW  Size (RW Data + ZI Data)             35256 (  34.43kB)
    Total ROM Size (Code + RO Data + RW Data)      66480 (  64.92kB)

==============================================================================

